Component: Arm Compiler for Embedded 6.22 Tool: armlink [5ee90200]

==============================================================================

Section Cross References

    gd32f1x0_it.o(.ARM.exidx.text.NMI_Handler) refers to gd32f1x0_it.o(.text.NMI_Handler) for [Anonymous Symbol]
    gd32f1x0_it.o(.ARM.exidx.text.HardFault_Handler) refers to gd32f1x0_it.o(.text.HardFault_Handler) for [Anonymous Symbol]
    gd32f1x0_it.o(.ARM.exidx.text.MemManage_Handler) refers to gd32f1x0_it.o(.text.MemManage_Handler) for [Anonymous Symbol]
    gd32f1x0_it.o(.ARM.exidx.text.BusFault_Handler) refers to gd32f1x0_it.o(.text.BusFault_Handler) for [Anonymous Symbol]
    gd32f1x0_it.o(.ARM.exidx.text.UsageFault_Handler) refers to gd32f1x0_it.o(.text.UsageFault_Handler) for [Anonymous Symbol]
    gd32f1x0_it.o(.ARM.exidx.text.SVC_Handler) refers to gd32f1x0_it.o(.text.SVC_Handler) for [Anonymous Symbol]
    gd32f1x0_it.o(.ARM.exidx.text.DebugMon_Handler) refers to gd32f1x0_it.o(.text.DebugMon_Handler) for [Anonymous Symbol]
    gd32f1x0_it.o(.ARM.exidx.text.PendSV_Handler) refers to gd32f1x0_it.o(.text.PendSV_Handler) for [Anonymous Symbol]
    gd32f1x0_it.o(.text.SysTick_Handler) refers to systick.o(.text.delay_decrement) for delay_decrement
    gd32f1x0_it.o(.ARM.exidx.text.SysTick_Handler) refers to gd32f1x0_it.o(.text.SysTick_Handler) for [Anonymous Symbol]
    gd32f1x0_it.o(.text.DMA_Channel1_2_IRQHandler) refers to gd32f1x0_dma.o(.text.dma_interrupt_flag_get) for dma_interrupt_flag_get
    gd32f1x0_it.o(.text.DMA_Channel1_2_IRQHandler) refers to gd32f1x0_dma.o(.text.dma_interrupt_flag_clear) for dma_interrupt_flag_clear
    gd32f1x0_it.o(.text.DMA_Channel1_2_IRQHandler) refers to ws2812_driver.o(.bss.dma_busy) for dma_busy
    gd32f1x0_it.o(.text.DMA_Channel1_2_IRQHandler) refers to gd32f1x0_timer.o(.text.timer_disable) for timer_disable
    gd32f1x0_it.o(.ARM.exidx.text.DMA_Channel1_2_IRQHandler) refers to gd32f1x0_it.o(.text.DMA_Channel1_2_IRQHandler) for [Anonymous Symbol]
    main.o(.text.main) refers to systick.o(.text.systick_config) for systick_config
    main.o(.text.main) refers to led.o(.text.led_gpio_init) for led_gpio_init
    main.o(.text.main) refers to usart.o(.text.uart_init) for uart_init
    main.o(.text.main) refers to ws2812_driver.o(.text.WS2812_Init) for WS2812_Init
    main.o(.text.main) refers to ws2812_driver.o(.text.WS2812_LIUSHUI) for WS2812_LIUSHUI
    main.o(.text.main) refers to led.o(.text.led_toggle) for led_toggle
    main.o(.text.main) refers to systick.o(.text.delay_1ms) for delay_1ms
    main.o(.ARM.exidx.text.main) refers to main.o(.text.main) for [Anonymous Symbol]
    systick.o(.text.systick_config) refers to system_gd32f1x0.o(.data.SystemCoreClock) for SystemCoreClock
    systick.o(.text.systick_config) refers to systick.o(.text.SysTick_Config) for SysTick_Config
    systick.o(.text.systick_config) refers to systick.o(.text.NVIC_SetPriority) for NVIC_SetPriority
    systick.o(.ARM.exidx.text.systick_config) refers to systick.o(.text.systick_config) for [Anonymous Symbol]
    systick.o(.text.SysTick_Config) refers to systick.o(.text.NVIC_SetPriority) for NVIC_SetPriority
    systick.o(.ARM.exidx.text.SysTick_Config) refers to systick.o(.text.SysTick_Config) for [Anonymous Symbol]
    systick.o(.ARM.exidx.text.NVIC_SetPriority) refers to systick.o(.text.NVIC_SetPriority) for [Anonymous Symbol]
    systick.o(.text.delay_1ms) refers to systick.o(.bss.delay) for delay
    systick.o(.ARM.exidx.text.delay_1ms) refers to systick.o(.text.delay_1ms) for [Anonymous Symbol]
    systick.o(.text.delay_decrement) refers to systick.o(.bss.delay) for delay
    systick.o(.ARM.exidx.text.delay_decrement) refers to systick.o(.text.delay_decrement) for [Anonymous Symbol]
    led.o(.text.led_gpio_init) refers to gd32f1x0_rcu.o(.text.rcu_periph_clock_enable) for rcu_periph_clock_enable
    led.o(.text.led_gpio_init) refers to gd32f1x0_gpio.o(.text.gpio_mode_set) for gpio_mode_set
    led.o(.text.led_gpio_init) refers to gd32f1x0_gpio.o(.text.gpio_output_options_set) for gpio_output_options_set
    led.o(.ARM.exidx.text.led_gpio_init) refers to led.o(.text.led_gpio_init) for [Anonymous Symbol]
    led.o(.text.led_on) refers to gd32f1x0_gpio.o(.text.gpio_bit_set) for gpio_bit_set
    led.o(.ARM.exidx.text.led_on) refers to led.o(.text.led_on) for [Anonymous Symbol]
    led.o(.text.led_off) refers to gd32f1x0_gpio.o(.text.gpio_bit_reset) for gpio_bit_reset
    led.o(.ARM.exidx.text.led_off) refers to led.o(.text.led_off) for [Anonymous Symbol]
    led.o(.text.led_toggle) refers to gd32f1x0_gpio.o(.text.gpio_input_bit_get) for gpio_input_bit_get
    led.o(.text.led_toggle) refers to gd32f1x0_gpio.o(.text.gpio_bit_write) for gpio_bit_write
    led.o(.ARM.exidx.text.led_toggle) refers to led.o(.text.led_toggle) for [Anonymous Symbol]
    ws2812_driver.o(.text.WS2812_Init) refers to ws2812_driver.o(.bss.led_buffer) for led_buffer
[...]
    Removing gd32f1x0_rtc.o(.ARM.exidx.text.rtc_bypass_shadow_enable), (8 bytes).
    Removing gd32f1x0_rtc.o(.text.rtc_bypass_shadow_disable), (38 bytes).
    Removing gd32f1x0_rtc.o(.ARM.exidx.text.rtc_bypass_shadow_disable), (8 bytes).
    Removing gd32f1x0_rtc.o(.text.rtc_refclock_detection_enable), (84 bytes).
    Removing gd32f1x0_rtc.o(.ARM.exidx.text.rtc_refclock_detection_enable), (8 bytes).
    Removing gd32f1x0_rtc.o(.text.rtc_refclock_detection_disable), (84 bytes).
    Removing gd32f1x0_rtc.o(.ARM.exidx.text.rtc_refclock_detection_disable), (8 bytes).
    Removing gd32f1x0_spi.o(.text), (0 bytes).
    Removing gd32f1x0_spi.o(.text.spi_i2s_deinit), (116 bytes).
    Removing gd32f1x0_spi.o(.ARM.exidx.text.spi_i2s_deinit), (8 bytes).
    Removing gd32f1x0_spi.o(.text.spi_struct_para_init), (38 bytes).
    Removing gd32f1x0_spi.o(.ARM.exidx.text.spi_struct_para_init), (8 bytes).
    Removing gd32f1x0_spi.o(.text.spi_init), (114 bytes).
    Removing gd32f1x0_spi.o(.ARM.exidx.text.spi_init), (8 bytes).
    Removing gd32f1x0_spi.o(.text.spi_enable), (18 bytes).
    Removing gd32f1x0_spi.o(.ARM.exidx.text.spi_enable), (8 bytes).
    Removing gd32f1x0_spi.o(.text.spi_disable), (18 bytes).
    Removing gd32f1x0_spi.o(.ARM.exidx.text.spi_disable), (8 bytes).
    Removing gd32f1x0_spi.o(.text.i2s_init), (72 bytes).
    Removing gd32f1x0_spi.o(.ARM.exidx.text.i2s_init), (8 bytes).
    Removing gd32f1x0_spi.o(.text.i2s_psc_config), (222 bytes).
    Removing gd32f1x0_spi.o(.ARM.exidx.text.i2s_psc_config), (8 bytes).
    Removing gd32f1x0_spi.o(.text.i2s_enable), (18 bytes).
    Removing gd32f1x0_spi.o(.ARM.exidx.text.i2s_enable), (8 bytes).
    Removing gd32f1x0_spi.o(.text.i2s_disable), (18 bytes).
    Removing gd32f1x0_spi.o(.ARM.exidx.text.i2s_disable), (8 bytes).
    Removing gd32f1x0_spi.o(.text.spi_nss_output_enable), (18 bytes).
    Removing gd32f1x0_spi.o(.ARM.exidx.text.spi_nss_output_enable), (8 bytes).
    Removing gd32f1x0_spi.o(.text.spi_nss_output_disable), (18 bytes).
    Removing gd32f1x0_spi.o(.ARM.exidx.text.spi_nss_output_disable), (8 bytes).
    Removing gd32f1x0_spi.o(.text.spi_nss_internal_high), (18 bytes).
    Removing gd32f1x0_spi.o(.ARM.exidx.text.spi_nss_internal_high), (8 bytes).
    Removing gd32f1x0_spi.o(.text.spi_nss_internal_low), (18 bytes).
    Removing gd32f1x0_spi.o(.ARM.exidx.text.spi_nss_internal_low), (8 bytes).
    Removing gd32f1x0_spi.o(.text.spi_dma_enable), (44 bytes).
    Removing gd32f1x0_spi.o(.ARM.exidx.text.spi_dma_enable), (8 bytes).
    Removing gd32f1x0_spi.o(.text.spi_dma_disable), (44 bytes).
    Removing gd32f1x0_spi.o(.ARM.exidx.text.spi_dma_disable), (8 bytes).
    Removing gd32f1x0_spi.o(.text.spi_i2s_data_frame_format_config), (34 bytes).
    Removing gd32f1x0_spi.o(.ARM.exidx.text.spi_i2s_data_frame_format_config), (8 bytes).
    Removing gd32f1x0_spi.o(.text.spi_bidirectional_transfer_config), (44 bytes).
    Removing gd32f1x0_spi.o(.ARM.exidx.text.spi_bidirectional_transfer_config), (8 bytes).
    Removing gd32f1x0_spi.o(.text.spi_i2s_data_transmit), (20 bytes).
    Removing gd32f1x0_spi.o(.ARM.exidx.text.spi_i2s_data_transmit), (8 bytes).
    Removing gd32f1x0_spi.o(.text.spi_i2s_data_receive), (14 bytes).
    Removing gd32f1x0_spi.o(.ARM.exidx.text.spi_i2s_data_receive), (8 bytes).
    Removing gd32f1x0_spi.o(.text.i2s_format_error_clear), (16 bytes).
    Removing gd32f1x0_spi.o(.ARM.exidx.text.i2s_format_error_clear), (8 bytes).
    Removing gd32f1x0_spi.o(.text.spi_crc_polynomial_set), (30 bytes).
    Removing gd32f1x0_spi.o(.ARM.exidx.text.spi_crc_polynomial_set), (8 bytes).
    Removing gd32f1x0_spi.o(.text.spi_crc_polynomial_get), (14 bytes).
    Removing gd32f1x0_spi.o(.ARM.exidx.text.spi_crc_polynomial_get), (8 bytes).
    Removing gd32f1x0_spi.o(.text.spi_crc_on), (18 bytes).
    Removing gd32f1x0_spi.o(.ARM.exidx.text.spi_crc_on), (8 bytes).
    Removing gd32f1x0_spi.o(.text.spi_crc_off), (18 bytes).
    Removing gd32f1x0_spi.o(.ARM.exidx.text.spi_crc_off), (8 bytes).
    Removing gd32f1x0_spi.o(.text.spi_crc_next), (18 bytes).
    Removing gd32f1x0_spi.o(.ARM.exidx.text.spi_crc_next), (8 bytes).
    Removing gd32f1x0_spi.o(.text.spi_crc_get), (44 bytes).
    Removing gd32f1x0_spi.o(.ARM.exidx.text.spi_crc_get), (8 bytes).
    Removing gd32f1x0_spi.o(.text.spi_crc_error_clear), (16 bytes).
    Removing gd32f1x0_spi.o(.ARM.exidx.text.spi_crc_error_clear), (8 bytes).
    Removing gd32f1x0_spi.o(.text.spi_i2s_flag_get), (42 bytes).
    Removing gd32f1x0_spi.o(.ARM.exidx.text.spi_i2s_flag_get), (8 bytes).
    Removing gd32f1x0_spi.o(.text.spi_i2s_interrupt_enable), (24 bytes).
    Removing gd32f1x0_spi.o(.ARM.exidx.text.spi_i2s_interrupt_enable), (8 bytes).
    Removing gd32f1x0_spi.o(.text.spi_i2s_interrupt_disable), (24 bytes).
    Removing gd32f1x0_spi.o(.ARM.exidx.text.spi_i2s_interrupt_disable), (8 bytes).
    Removing gd32f1x0_spi.o(.text.spi_i2s_interrupt_flag_get), (210 bytes).
    Removing gd32f1x0_spi.o(.ARM.exidx.text.spi_i2s_interrupt_flag_get), (8 bytes).
    Removing gd32f1x0_syscfg.o(.text), (0 bytes).
    Removing gd32f1x0_syscfg.o(.text.syscfg_deinit), (24 bytes).
    Removing gd32f1x0_syscfg.o(.ARM.exidx.text.syscfg_deinit), (8 bytes).
    Removing gd32f1x0_syscfg.o(.text.syscfg_dma_remap_enable), (22 bytes).
    Removing gd32f1x0_syscfg.o(.ARM.exidx.text.syscfg_dma_remap_enable), (8 bytes).
    Removing gd32f1x0_syscfg.o(.text.syscfg_dma_remap_disable), (22 bytes).
    Removing gd32f1x0_syscfg.o(.ARM.exidx.text.syscfg_dma_remap_disable), (8 bytes).
    Removing gd32f1x0_syscfg.o(.text.syscfg_high_current_enable), (16 bytes).
    Removing gd32f1x0_syscfg.o(.ARM.exidx.text.syscfg_high_current_enable), (8 bytes).
    Removing gd32f1x0_syscfg.o(.text.syscfg_high_current_disable), (16 bytes).
    Removing gd32f1x0_syscfg.o(.ARM.exidx.text.syscfg_high_current_disable), (8 bytes).
    Removing gd32f1x0_syscfg.o(.text.syscfg_exti_line_config), (172 bytes).
    Removing gd32f1x0_syscfg.o(.ARM.exidx.text.syscfg_exti_line_config), (8 bytes).
    Removing gd32f1x0_syscfg.o(.text.syscfg_lock_config), (22 bytes).
    Removing gd32f1x0_syscfg.o(.ARM.exidx.text.syscfg_lock_config), (8 bytes).
    Removing gd32f1x0_syscfg.o(.text.syscfg_flag_get), (44 bytes).
    Removing gd32f1x0_syscfg.o(.ARM.exidx.text.syscfg_flag_get), (8 bytes).
    Removing gd32f1x0_syscfg.o(.text.syscfg_flag_clear), (22 bytes).
    Removing gd32f1x0_syscfg.o(.ARM.exidx.text.syscfg_flag_clear), (8 bytes).
    Removing gd32f1x0_timer.o(.text), (0 bytes).
    Removing gd32f1x0_timer.o(.ARM.exidx.text.timer_deinit), (8 bytes).
    Removing gd32f1x0_timer.o(.text.timer_struct_para_init), (38 bytes).
    Removing gd32f1x0_timer.o(.ARM.exidx.text.timer_struct_para_init), (8 bytes).
    Removing gd32f1x0_timer.o(.ARM.exidx.text.timer_init), (8 bytes).
    Removing gd32f1x0_timer.o(.ARM.exidx.text.timer_enable), (8 bytes).
    Removing gd32f1x0_timer.o(.ARM.exidx.text.timer_disable), (8 bytes).
    Removing gd32f1x0_timer.o(.ARM.exidx.text.timer_auto_reload_shadow_enable), (8 bytes).
    Removing gd32f1x0_timer.o(.text.timer_auto_reload_shadow_disable), (18 bytes).
    Removing gd32f1x0_timer.o(.ARM.exidx.text.timer_auto_reload_shadow_disable), (8 bytes).
    Removing gd32f1x0_timer.o(.text.timer_update_event_enable), (18 bytes).
    Removing gd32f1x0_timer.o(.ARM.exidx.text.timer_update_event_enable), (8 bytes).
    Removing gd32f1x0_timer.o(.text.timer_update_event_disable), (18 bytes).
    Removing gd32f1x0_timer.o(.ARM.exidx.text.timer_update_event_disable), (8 bytes).
    Removing gd32f1x0_timer.o(.text.timer_counter_alignment), (34 bytes).
    Removing gd32f1x0_timer.o(.ARM.exidx.text.timer_counter_alignment), (8 bytes).
    Removing gd32f1x0_timer.o(.text.timer_counter_up_direction), (18 bytes).
    Removing gd32f1x0_timer.o(.ARM.exidx.text.timer_counter_up_direction), (8 bytes).
    Removing gd32f1x0_timer.o(.text.timer_counter_down_direction), (18 bytes).
    Removing gd32f1x0_timer.o(.ARM.exidx.text.timer_counter_down_direction), (8 bytes).
    Removing gd32f1x0_timer.o(.text.timer_prescaler_config), (44 bytes).
    Removing gd32f1x0_timer.o(.ARM.exidx.text.timer_prescaler_config), (8 bytes).
    Removing gd32f1x0_timer.o(.text.timer_repetition_value_config), (20 bytes).
    Removing gd32f1x0_timer.o(.ARM.exidx.text.timer_repetition_value_config), (8 bytes).
    Removing gd32f1x0_timer.o(.text.timer_autoreload_value_config), (16 bytes).
    Removing gd32f1x0_timer.o(.ARM.exidx.text.timer_autoreload_value_config), (8 bytes).
    Removing gd32f1x0_timer.o(.text.timer_counter_value_config), (16 bytes).
    Removing gd32f1x0_timer.o(.ARM.exidx.text.timer_counter_value_config), (8 bytes).
    Removing gd32f1x0_timer.o(.text.timer_counter_read), (20 bytes).
    Removing gd32f1x0_timer.o(.ARM.exidx.text.timer_counter_read), (8 bytes).
    Removing gd32f1x0_timer.o(.text.timer_prescaler_read), (26 bytes).
    Removing gd32f1x0_timer.o(.ARM.exidx.text.timer_prescaler_read), (8 bytes).
    Removing gd32f1x0_timer.o(.text.timer_single_pulse_mode_config), (58 bytes).
    Removing gd32f1x0_timer.o(.ARM.exidx.text.timer_single_pulse_mode_config), (8 bytes).
    Removing gd32f1x0_timer.o(.text.timer_update_source_config), (58 bytes).
    Removing gd32f1x0_timer.o(.ARM.exidx.text.timer_update_source_config), (8 bytes).
    Removing gd32f1x0_timer.o(.text.timer_ocpre_clear_source_config), (58 bytes).
    Removing gd32f1x0_timer.o(.ARM.exidx.text.timer_ocpre_clear_source_config), (8 bytes).
    Removing gd32f1x0_timer.o(.text.timer_interrupt_enable), (20 bytes).
    Removing gd32f1x0_timer.o(.ARM.exidx.text.timer_interrupt_enable), (8 bytes).
    Removing gd32f1x0_timer.o(.text.timer_interrupt_disable), (20 bytes).
    Removing gd32f1x0_timer.o(.ARM.exidx.text.timer_interrupt_disable), (8 bytes).
    Removing gd32f1x0_timer.o(.text.timer_interrupt_flag_get), (58 bytes).
    Removing gd32f1x0_timer.o(.ARM.exidx.text.timer_interrupt_flag_get), (8 bytes).
    Removing gd32f1x0_timer.o(.text.timer_interrupt_flag_clear), (18 bytes).
    Removing gd32f1x0_timer.o(.ARM.exidx.text.timer_interrupt_flag_clear), (8 bytes).
    Removing gd32f1x0_timer.o(.text.timer_flag_get), (42 bytes).
    Removing gd32f1x0_timer.o(.ARM.exidx.text.timer_flag_get), (8 bytes).
    Removing gd32f1x0_timer.o(.text.timer_flag_clear), (18 bytes).
    Removing gd32f1x0_timer.o(.ARM.exidx.text.timer_flag_clear), (8 bytes).
    Removing gd32f1x0_timer.o(.ARM.exidx.text.timer_dma_enable), (8 bytes).
    Removing gd32f1x0_timer.o(.text.timer_dma_disable), (24 bytes).
    Removing gd32f1x0_timer.o(.ARM.exidx.text.timer_dma_disable), (8 bytes).
    Removing gd32f1x0_timer.o(.ARM.exidx.text.timer_channel_dma_request_source_select), (8 bytes).
    Removing gd32f1x0_timer.o(.text.timer_dma_transfer_config), (40 bytes).
    Removing gd32f1x0_timer.o(.ARM.exidx.text.timer_dma_transfer_config), (8 bytes).
    Removing gd32f1x0_timer.o(.text.timer_event_software_generate), (24 bytes).
    Removing gd32f1x0_timer.o(.ARM.exidx.text.timer_event_software_generate), (8 bytes).
    Removing gd32f1x0_timer.o(.text.timer_break_struct_para_init), (38 bytes).
    Removing gd32f1x0_timer.o(.ARM.exidx.text.timer_break_struct_para_init), (8 bytes).
    Removing gd32f1x0_timer.o(.text.timer_break_config), (54 bytes).
    Removing gd32f1x0_timer.o(.ARM.exidx.text.timer_break_config), (8 bytes).
    Removing gd32f1x0_timer.o(.text.timer_break_enable), (18 bytes).
    Removing gd32f1x0_timer.o(.ARM.exidx.text.timer_break_enable), (8 bytes).
    Removing gd32f1x0_timer.o(.text.timer_break_disable), (18 bytes).
    Removing gd32f1x0_timer.o(.ARM.exidx.text.timer_break_disable), (8 bytes).
    Removing gd32f1x0_timer.o(.text.timer_automatic_output_enable), (18 bytes).
    Removing gd32f1x0_timer.o(.ARM.exidx.text.timer_automatic_output_enable), (8 bytes).
    Removing gd32f1x0_timer.o(.text.timer_automatic_output_disable), (18 bytes).
    Removing gd32f1x0_timer.o(.ARM.exidx.text.timer_automatic_output_disable), (8 bytes).
    Removing gd32f1x0_timer.o(.ARM.exidx.text.timer_primary_output_config), (8 bytes).
    Removing gd32f1x0_timer.o(.text.timer_channel_control_shadow_config), (46 bytes).
    Removing gd32f1x0_timer.o(.ARM.exidx.text.timer_channel_control_shadow_config), (8 bytes).
    Removing gd32f1x0_timer.o(.text.timer_channel_control_shadow_update_config), (58 bytes).
    Removing gd32f1x0_timer.o(.ARM.exidx.text.timer_channel_control_shadow_update_config), (8 bytes).
    Removing gd32f1x0_timer.o(.text.timer_channel_output_struct_para_init), (34 bytes).
    Removing gd32f1x0_timer.o(.ARM.exidx.text.timer_channel_output_struct_para_init), (8 bytes).
    Removing gd32f1x0_timer.o(.ARM.exidx.text.timer_channel_output_config), (8 bytes).
    Removing gd32f1x0_timer.o(.ARM.exidx.text.timer_channel_output_mode_config), (8 bytes).
    Removing gd32f1x0_timer.o(.ARM.exidx.text.timer_channel_output_pulse_value_config), (8 bytes).
    Removing gd32f1x0_timer.o(.ARM.exidx.text.timer_channel_output_shadow_config), (8 bytes).
    Removing gd32f1x0_timer.o(.text.timer_channel_output_fast_config), (140 bytes).
    Removing gd32f1x0_timer.o(.ARM.exidx.text.timer_channel_output_fast_config), (8 bytes).
    Removing gd32f1x0_timer.o(.text.timer_channel_output_clear_config), (140 bytes).
    Removing gd32f1x0_timer.o(.ARM.exidx.text.timer_channel_output_clear_config), (8 bytes).
    Removing gd32f1x0_timer.o(.text.timer_channel_output_polarity_config), (142 bytes).
    Removing gd32f1x0_timer.o(.ARM.exidx.text.timer_channel_output_polarity_config), (8 bytes).
    Removing gd32f1x0_timer.o(.text.timer_channel_complementary_output_polarity_config), (142 bytes).
    Removing gd32f1x0_timer.o(.ARM.exidx.text.timer_channel_complementary_output_polarity_config), (8 bytes).
    Removing gd32f1x0_timer.o(.ARM.exidx.text.timer_channel_output_state_config), (8 bytes).
    Removing gd32f1x0_timer.o(.text.timer_channel_complementary_output_state_config), (122 bytes).
    Removing gd32f1x0_timer.o(.ARM.exidx.text.timer_channel_complementary_output_state_config), (8 bytes).
    Removing gd32f1x0_timer.o(.text.timer_channel_input_struct_para_init), (28 bytes).
    Removing gd32f1x0_timer.o(.ARM.exidx.text.timer_channel_input_struct_para_init), (8 bytes).
    Removing gd32f1x0_timer.o(.text.timer_input_capture_config), (426 bytes).
    Removing gd32f1x0_timer.o(.ARM.exidx.text.timer_input_capture_config), (8 bytes).
    Removing gd32f1x0_timer.o(.text.timer_channel_input_capture_prescaler_config), (140 bytes).
    Removing gd32f1x0_timer.o(.ARM.exidx.text.timer_channel_input_capture_prescaler_config), (8 bytes).
    Removing gd32f1x0_timer.o(.text.timer_channel_capture_value_register_read), (74 bytes).
    Removing gd32f1x0_timer.o(.ARM.exidx.text.timer_channel_capture_value_register_read), (8 bytes).
    Removing gd32f1x0_timer.o(.text.timer_input_pwm_capture_config), (498 bytes).
    Removing gd32f1x0_timer.o(.ARM.exidx.text.timer_input_pwm_capture_config), (8 bytes).
    Removing gd32f1x0_timer.o(.text.timer_hall_mode_config), (58 bytes).
    Removing gd32f1x0_timer.o(.ARM.exidx.text.timer_hall_mode_config), (8 bytes).
    Removing gd32f1x0_timer.o(.text.timer_input_trigger_source_select), (30 bytes).
    Removing gd32f1x0_timer.o(.ARM.exidx.text.timer_input_trigger_source_select), (8 bytes).
    Removing gd32f1x0_timer.o(.text.timer_master_output_trigger_source_select), (30 bytes).
    Removing gd32f1x0_timer.o(.ARM.exidx.text.timer_master_output_trigger_source_select), (8 bytes).
    Removing gd32f1x0_timer.o(.text.timer_slave_mode_select), (30 bytes).
    Removing gd32f1x0_timer.o(.ARM.exidx.text.timer_slave_mode_select), (8 bytes).
    Removing gd32f1x0_timer.o(.text.timer_master_slave_mode_config), (58 bytes).
    Removing gd32f1x0_timer.o(.ARM.exidx.text.timer_master_slave_mode_config), (8 bytes).
    Removing gd32f1x0_timer.o(.text.timer_external_trigger_config), (52 bytes).
    Removing gd32f1x0_timer.o(.ARM.exidx.text.timer_external_trigger_config), (8 bytes).
    Removing gd32f1x0_timer.o(.text.timer_quadrature_decoder_mode_config), (102 bytes).
    Removing gd32f1x0_timer.o(.ARM.exidx.text.timer_quadrature_decoder_mode_config), (8 bytes).
    Removing gd32f1x0_timer.o(.text.timer_internal_clock_config), (18 bytes).
    Removing gd32f1x0_timer.o(.ARM.exidx.text.timer_internal_clock_config), (8 bytes).
    Removing gd32f1x0_timer.o(.text.timer_internal_trigger_as_external_clock_config), (40 bytes).
    Removing gd32f1x0_timer.o(.ARM.exidx.text.timer_internal_trigger_as_external_clock_config), (8 bytes).
    Removing gd32f1x0_timer.o(.text.timer_external_trigger_as_external_clock_config), (228 bytes).
    Removing gd32f1x0_timer.o(.ARM.exidx.text.timer_external_trigger_as_external_clock_config), (8 bytes).
    Removing gd32f1x0_timer.o(.text.timer_external_clock_mode0_config), (48 bytes).
    Removing gd32f1x0_timer.o(.ARM.exidx.text.timer_external_clock_mode0_config), (8 bytes).
    Removing gd32f1x0_timer.o(.text.timer_external_clock_mode1_config), (38 bytes).
    Removing gd32f1x0_timer.o(.ARM.exidx.text.timer_external_clock_mode1_config), (8 bytes).
    Removing gd32f1x0_timer.o(.text.timer_external_clock_mode1_disable), (18 bytes).
    Removing gd32f1x0_timer.o(.ARM.exidx.text.timer_external_clock_mode1_disable), (8 bytes).
    Removing gd32f1x0_timer.o(.text.timer_channel_remap_config), (16 bytes).
    Removing gd32f1x0_timer.o(.ARM.exidx.text.timer_channel_remap_config), (8 bytes).
    Removing gd32f1x0_tsi.o(.text), (0 bytes).
    Removing gd32f1x0_tsi.o(.text.tsi_deinit), (24 bytes).
    Removing gd32f1x0_tsi.o(.ARM.exidx.text.tsi_deinit), (8 bytes).
    Removing gd32f1x0_tsi.o(.text.tsi_init), (84 bytes).
    Removing gd32f1x0_tsi.o(.ARM.exidx.text.tsi_init), (8 bytes).
    Removing gd32f1x0_tsi.o(.text.tsi_enable), (18 bytes).
    Removing gd32f1x0_tsi.o(.ARM.exidx.text.tsi_enable), (8 bytes).
    Removing gd32f1x0_tsi.o(.text.tsi_disable), (18 bytes).
    Removing gd32f1x0_tsi.o(.ARM.exidx.text.tsi_disable), (8 bytes).
    Removing gd32f1x0_tsi.o(.text.tsi_sample_pin_enable), (44 bytes).
    Removing gd32f1x0_tsi.o(.ARM.exidx.text.tsi_sample_pin_enable), (8 bytes).
    Removing gd32f1x0_tsi.o(.text.tsi_sample_pin_disable), (44 bytes).
    Removing gd32f1x0_tsi.o(.ARM.exidx.text.tsi_sample_pin_disable), (8 bytes).
    Removing gd32f1x0_tsi.o(.text.tsi_channel_pin_enable), (24 bytes).
    Removing gd32f1x0_tsi.o(.ARM.exidx.text.tsi_channel_pin_enable), (8 bytes).
    Removing gd32f1x0_tsi.o(.text.tsi_channel_pin_disable), (24 bytes).
    Removing gd32f1x0_tsi.o(.ARM.exidx.text.tsi_channel_pin_disable), (8 bytes).
    Removing gd32f1x0_tsi.o(.text.tsi_software_mode_config), (38 bytes).
    Removing gd32f1x0_tsi.o(.ARM.exidx.text.tsi_software_mode_config), (8 bytes).
    Removing gd32f1x0_tsi.o(.text.tsi_software_start), (18 bytes).
    Removing gd32f1x0_tsi.o(.ARM.exidx.text.tsi_software_start), (8 bytes).
    Removing gd32f1x0_tsi.o(.text.tsi_software_stop), (18 bytes).
    Removing gd32f1x0_tsi.o(.ARM.exidx.text.tsi_software_stop), (8 bytes).
    Removing gd32f1x0_tsi.o(.text.tsi_hardware_mode_config), (90 bytes).
    Removing gd32f1x0_tsi.o(.ARM.exidx.text.tsi_hardware_mode_config), (8 bytes).
    Removing gd32f1x0_tsi.o(.text.tsi_pin_mode_config), (74 bytes).
    Removing gd32f1x0_tsi.o(.ARM.exidx.text.tsi_pin_mode_config), (8 bytes).
    Removing gd32f1x0_tsi.o(.text.tsi_extend_charge_config), (170 bytes).
    Removing gd32f1x0_tsi.o(.ARM.exidx.text.tsi_extend_charge_config), (8 bytes).
    Removing gd32f1x0_tsi.o(.text.tsi_pulse_config), (78 bytes).
    Removing gd32f1x0_tsi.o(.ARM.exidx.text.tsi_pulse_config), (8 bytes).
    Removing gd32f1x0_tsi.o(.text.tsi_max_number_config), (60 bytes).
    Removing gd32f1x0_tsi.o(.ARM.exidx.text.tsi_max_number_config), (8 bytes).
    Removing gd32f1x0_tsi.o(.text.tsi_hysteresis_on), (24 bytes).
    Removing gd32f1x0_tsi.o(.ARM.exidx.text.tsi_hysteresis_on), (8 bytes).
    Removing gd32f1x0_tsi.o(.text.tsi_hysteresis_off), (24 bytes).
    Removing gd32f1x0_tsi.o(.ARM.exidx.text.tsi_hysteresis_off), (8 bytes).
    Removing gd32f1x0_tsi.o(.text.tsi_analog_on), (24 bytes).
    Removing gd32f1x0_tsi.o(.ARM.exidx.text.tsi_analog_on), (8 bytes).
    Removing gd32f1x0_tsi.o(.text.tsi_analog_off), (24 bytes).
    Removing gd32f1x0_tsi.o(.ARM.exidx.text.tsi_analog_off), (8 bytes).
    Removing gd32f1x0_tsi.o(.text.tsi_group_enable), (24 bytes).
    Removing gd32f1x0_tsi.o(.ARM.exidx.text.tsi_group_enable), (8 bytes).
    Removing gd32f1x0_tsi.o(.text.tsi_group_disable), (24 bytes).
    Removing gd32f1x0_tsi.o(.ARM.exidx.text.tsi_group_disable), (8 bytes).
    Removing gd32f1x0_tsi.o(.text.tsi_group_status_get), (46 bytes).
    Removing gd32f1x0_tsi.o(.ARM.exidx.text.tsi_group_status_get), (8 bytes).
    Removing gd32f1x0_tsi.o(.text.tsi_group0_cycle_get), (14 bytes).
    Removing gd32f1x0_tsi.o(.ARM.exidx.text.tsi_group0_cycle_get), (8 bytes).
    Removing gd32f1x0_tsi.o(.text.tsi_group1_cycle_get), (14 bytes).
    Removing gd32f1x0_tsi.o(.ARM.exidx.text.tsi_group1_cycle_get), (8 bytes).
    Removing gd32f1x0_tsi.o(.text.tsi_group2_cycle_get), (14 bytes).
    Removing gd32f1x0_tsi.o(.ARM.exidx.text.tsi_group2_cycle_get), (8 bytes).
    Removing gd32f1x0_tsi.o(.text.tsi_group3_cycle_get), (14 bytes).
    Removing gd32f1x0_tsi.o(.ARM.exidx.text.tsi_group3_cycle_get), (8 bytes).
    Removing gd32f1x0_tsi.o(.text.tsi_group4_cycle_get), (14 bytes).
    Removing gd32f1x0_tsi.o(.ARM.exidx.text.tsi_group4_cycle_get), (8 bytes).
    Removing gd32f1x0_tsi.o(.text.tsi_group5_cycle_get), (14 bytes).
    Removing gd32f1x0_tsi.o(.ARM.exidx.text.tsi_group5_cycle_get), (8 bytes).
    Removing gd32f1x0_tsi.o(.text.tsi_flag_get), (46 bytes).
    Removing gd32f1x0_tsi.o(.ARM.exidx.text.tsi_flag_get), (8 bytes).
    Removing gd32f1x0_tsi.o(.text.tsi_flag_clear), (24 bytes).
    Removing gd32f1x0_tsi.o(.ARM.exidx.text.tsi_flag_clear), (8 bytes).
    Removing gd32f1x0_tsi.o(.text.tsi_interrupt_enable), (24 bytes).
    Removing gd32f1x0_tsi.o(.ARM.exidx.text.tsi_interrupt_enable), (8 bytes).
    Removing gd32f1x0_tsi.o(.text.tsi_interrupt_disable), (24 bytes).
    Removing gd32f1x0_tsi.o(.ARM.exidx.text.tsi_interrupt_disable), (8 bytes).
    Removing gd32f1x0_tsi.o(.text.tsi_interrupt_flag_get), (78 bytes).
    Removing gd32f1x0_tsi.o(.ARM.exidx.text.tsi_interrupt_flag_get), (8 bytes).
    Removing gd32f1x0_tsi.o(.text.tsi_interrupt_flag_clear), (24 bytes).
    Removing gd32f1x0_tsi.o(.ARM.exidx.text.tsi_interrupt_flag_clear), (8 bytes).
    Removing gd32f1x0_usart.o(.text), (0 bytes).
    Removing gd32f1x0_usart.o(.ARM.exidx.text.usart_deinit), (8 bytes).
    Removing gd32f1x0_usart.o(.ARM.exidx.text.usart_baudrate_set), (8 bytes).
    Removing gd32f1x0_usart.o(.text.usart_parity_config), (40 bytes).
    Removing gd32f1x0_usart.o(.ARM.exidx.text.usart_parity_config), (8 bytes).
    Removing gd32f1x0_usart.o(.text.usart_word_length_set), (40 bytes).
    Removing gd32f1x0_usart.o(.ARM.exidx.text.usart_word_length_set), (8 bytes).
    Removing gd32f1x0_usart.o(.text.usart_stop_bit_set), (40 bytes).
    Removing gd32f1x0_usart.o(.ARM.exidx.text.usart_stop_bit_set), (8 bytes).
    Removing gd32f1x0_usart.o(.ARM.exidx.text.usart_enable), (8 bytes).
    Removing gd32f1x0_usart.o(.text.usart_disable), (18 bytes).
    Removing gd32f1x0_usart.o(.ARM.exidx.text.usart_disable), (8 bytes).
    Removing gd32f1x0_usart.o(.ARM.exidx.text.usart_transmit_config), (8 bytes).
    Removing gd32f1x0_usart.o(.ARM.exidx.text.usart_receive_config), (8 bytes).
    Removing gd32f1x0_usart.o(.text.usart_data_first_config), (44 bytes).
    Removing gd32f1x0_usart.o(.ARM.exidx.text.usart_data_first_config), (8 bytes).
    Removing gd32f1x0_usart.o(.text.usart_invert_config), (146 bytes).
    Removing gd32f1x0_usart.o(.ARM.exidx.text.usart_invert_config), (8 bytes).
    Removing gd32f1x0_usart.o(.text.usart_overrun_enable), (28 bytes).
    Removing gd32f1x0_usart.o(.ARM.exidx.text.usart_overrun_enable), (8 bytes).
    Removing gd32f1x0_usart.o(.text.usart_overrun_disable), (28 bytes).
    Removing gd32f1x0_usart.o(.ARM.exidx.text.usart_overrun_disable), (8 bytes).
    Removing gd32f1x0_usart.o(.text.usart_oversample_config), (40 bytes).
    Removing gd32f1x0_usart.o(.ARM.exidx.text.usart_oversample_config), (8 bytes).
    Removing gd32f1x0_usart.o(.text.usart_sample_bit_config), (40 bytes).
    Removing gd32f1x0_usart.o(.ARM.exidx.text.usart_sample_bit_config), (8 bytes).
    Removing gd32f1x0_usart.o(.text.usart_receiver_timeout_enable), (18 bytes).
    Removing gd32f1x0_usart.o(.ARM.exidx.text.usart_receiver_timeout_enable), (8 bytes).
    Removing gd32f1x0_usart.o(.text.usart_receiver_timeout_disable), (18 bytes).
    Removing gd32f1x0_usart.o(.ARM.exidx.text.usart_receiver_timeout_disable), (8 bytes).
    Removing gd32f1x0_usart.o(.text.usart_receiver_timeout_threshold_config), (30 bytes).
    Removing gd32f1x0_usart.o(.ARM.exidx.text.usart_receiver_timeout_threshold_config), (8 bytes).
    Removing gd32f1x0_usart.o(.ARM.exidx.text.usart_data_transmit), (8 bytes).
    Removing gd32f1x0_usart.o(.text.usart_data_receive), (16 bytes).
    Removing gd32f1x0_usart.o(.ARM.exidx.text.usart_data_receive), (8 bytes).
    Removing gd32f1x0_usart.o(.text.usart_address_config), (46 bytes).
    Removing gd32f1x0_usart.o(.ARM.exidx.text.usart_address_config), (8 bytes).
    Removing gd32f1x0_usart.o(.text.usart_address_detection_mode_config), (44 bytes).
    Removing gd32f1x0_usart.o(.ARM.exidx.text.usart_address_detection_mode_config), (8 bytes).
    Removing gd32f1x0_usart.o(.text.usart_mute_mode_enable), (18 bytes).
    Removing gd32f1x0_usart.o(.ARM.exidx.text.usart_mute_mode_enable), (8 bytes).
    Removing gd32f1x0_usart.o(.text.usart_mute_mode_disable), (18 bytes).
    Removing gd32f1x0_usart.o(.ARM.exidx.text.usart_mute_mode_disable), (8 bytes).
    Removing gd32f1x0_usart.o(.text.usart_mute_mode_wakeup_config), (40 bytes).
    Removing gd32f1x0_usart.o(.ARM.exidx.text.usart_mute_mode_wakeup_config), (8 bytes).
    Removing gd32f1x0_usart.o(.text.usart_lin_mode_enable), (28 bytes).
    Removing gd32f1x0_usart.o(.ARM.exidx.text.usart_lin_mode_enable), (8 bytes).
    Removing gd32f1x0_usart.o(.text.usart_lin_mode_disable), (28 bytes).
    Removing gd32f1x0_usart.o(.ARM.exidx.text.usart_lin_mode_disable), (8 bytes).
    Removing gd32f1x0_usart.o(.text.usart_lin_break_detection_length_config), (44 bytes).
    Removing gd32f1x0_usart.o(.ARM.exidx.text.usart_lin_break_detection_length_config), (8 bytes).
    Removing gd32f1x0_usart.o(.text.usart_halfduplex_enable), (28 bytes).
    Removing gd32f1x0_usart.o(.ARM.exidx.text.usart_halfduplex_enable), (8 bytes).
    Removing gd32f1x0_usart.o(.text.usart_halfduplex_disable), (28 bytes).
    Removing gd32f1x0_usart.o(.ARM.exidx.text.usart_halfduplex_disable), (8 bytes).
    Removing gd32f1x0_usart.o(.text.usart_clock_enable), (28 bytes).
    Removing gd32f1x0_usart.o(.ARM.exidx.text.usart_clock_enable), (8 bytes).
    Removing gd32f1x0_usart.o(.text.usart_clock_disable), (28 bytes).
    Removing gd32f1x0_usart.o(.ARM.exidx.text.usart_clock_disable), (8 bytes).
    Removing gd32f1x0_usart.o(.text.usart_synchronous_clock_config), (76 bytes).
    Removing gd32f1x0_usart.o(.ARM.exidx.text.usart_synchronous_clock_config), (8 bytes).
    Removing gd32f1x0_usart.o(.text.usart_guard_time_config), (44 bytes).
    Removing gd32f1x0_usart.o(.ARM.exidx.text.usart_guard_time_config), (8 bytes).
    Removing gd32f1x0_usart.o(.text.usart_smartcard_mode_enable), (28 bytes).
    Removing gd32f1x0_usart.o(.ARM.exidx.text.usart_smartcard_mode_enable), (8 bytes).
    Removing gd32f1x0_usart.o(.text.usart_smartcard_mode_disable), (28 bytes).
    Removing gd32f1x0_usart.o(.ARM.exidx.text.usart_smartcard_mode_disable), (8 bytes).
    Removing gd32f1x0_usart.o(.text.usart_smartcard_mode_nack_enable), (28 bytes).
    Removing gd32f1x0_usart.o(.ARM.exidx.text.usart_smartcard_mode_nack_enable), (8 bytes).
    Removing gd32f1x0_usart.o(.text.usart_smartcard_mode_nack_disable), (28 bytes).
    Removing gd32f1x0_usart.o(.ARM.exidx.text.usart_smartcard_mode_nack_disable), (8 bytes).
    Removing gd32f1x0_usart.o(.text.usart_smartcard_autoretry_config), (46 bytes).
    Removing gd32f1x0_usart.o(.ARM.exidx.text.usart_smartcard_autoretry_config), (8 bytes).
    Removing gd32f1x0_usart.o(.text.usart_block_length_config), (32 bytes).
    Removing gd32f1x0_usart.o(.ARM.exidx.text.usart_block_length_config), (8 bytes).
    Removing gd32f1x0_usart.o(.text.usart_irda_mode_enable), (28 bytes).
    Removing gd32f1x0_usart.o(.ARM.exidx.text.usart_irda_mode_enable), (8 bytes).
    Removing gd32f1x0_usart.o(.text.usart_irda_mode_disable), (28 bytes).
    Removing gd32f1x0_usart.o(.ARM.exidx.text.usart_irda_mode_disable), (8 bytes).
    Removing gd32f1x0_usart.o(.text.usart_prescaler_config), (40 bytes).
    Removing gd32f1x0_usart.o(.ARM.exidx.text.usart_prescaler_config), (8 bytes).
    Removing gd32f1x0_usart.o(.text.usart_irda_lowpower_config), (44 bytes).
    Removing gd32f1x0_usart.o(.ARM.exidx.text.usart_irda_lowpower_config), (8 bytes).
    Removing gd32f1x0_usart.o(.text.usart_hardware_flow_rts_config), (40 bytes).
    Removing gd32f1x0_usart.o(.ARM.exidx.text.usart_hardware_flow_rts_config), (8 bytes).
    Removing gd32f1x0_usart.o(.text.usart_hardware_flow_cts_config), (40 bytes).
    Removing gd32f1x0_usart.o(.ARM.exidx.text.usart_hardware_flow_cts_config), (8 bytes).
    Removing gd32f1x0_usart.o(.text.usart_rs485_driver_enable), (28 bytes).
    Removing gd32f1x0_usart.o(.ARM.exidx.text.usart_rs485_driver_enable), (8 bytes).
    Removing gd32f1x0_usart.o(.text.usart_rs485_driver_disable), (28 bytes).
    Removing gd32f1x0_usart.o(.ARM.exidx.text.usart_rs485_driver_disable), (8 bytes).
    Removing gd32f1x0_usart.o(.text.usart_driver_assertime_config), (46 bytes).
    Removing gd32f1x0_usart.o(.ARM.exidx.text.usart_driver_assertime_config), (8 bytes).
    Removing gd32f1x0_usart.o(.text.usart_driver_deassertime_config), (46 bytes).
    Removing gd32f1x0_usart.o(.ARM.exidx.text.usart_driver_deassertime_config), (8 bytes).
    Removing gd32f1x0_usart.o(.text.usart_depolarity_config), (44 bytes).
    Removing gd32f1x0_usart.o(.ARM.exidx.text.usart_depolarity_config), (8 bytes).
    Removing gd32f1x0_usart.o(.text.usart_dma_receive_config), (46 bytes).
    Removing gd32f1x0_usart.o(.ARM.exidx.text.usart_dma_receive_config), (8 bytes).
    Removing gd32f1x0_usart.o(.text.usart_dma_transmit_config), (46 bytes).
    Removing gd32f1x0_usart.o(.ARM.exidx.text.usart_dma_transmit_config), (8 bytes).
    Removing gd32f1x0_usart.o(.text.usart_reception_error_dma_disable), (28 bytes).
    Removing gd32f1x0_usart.o(.ARM.exidx.text.usart_reception_error_dma_disable), (8 bytes).
    Removing gd32f1x0_usart.o(.text.usart_reception_error_dma_enable), (28 bytes).
    Removing gd32f1x0_usart.o(.ARM.exidx.text.usart_reception_error_dma_enable), (8 bytes).
    Removing gd32f1x0_usart.o(.text.usart_wakeup_enable), (18 bytes).
    Removing gd32f1x0_usart.o(.ARM.exidx.text.usart_wakeup_enable), (8 bytes).
    Removing gd32f1x0_usart.o(.text.usart_wakeup_disable), (18 bytes).
    Removing gd32f1x0_usart.o(.ARM.exidx.text.usart_wakeup_disable), (8 bytes).
    Removing gd32f1x0_usart.o(.text.usart_wakeup_mode_config), (44 bytes).
    Removing gd32f1x0_usart.o(.ARM.exidx.text.usart_wakeup_mode_config), (8 bytes).
    Removing gd32f1x0_usart.o(.text.usart_command_enable), (20 bytes).
    Removing gd32f1x0_usart.o(.ARM.exidx.text.usart_command_enable), (8 bytes).
    Removing gd32f1x0_usart.o(.ARM.exidx.text.usart_flag_get), (8 bytes).
    Removing gd32f1x0_usart.o(.text.usart_flag_clear), (62 bytes).
    Removing gd32f1x0_usart.o(.ARM.exidx.text.usart_flag_clear), (8 bytes).
    Removing gd32f1x0_usart.o(.text.usart_interrupt_enable), (36 bytes).
    Removing gd32f1x0_usart.o(.ARM.exidx.text.usart_interrupt_enable), (8 bytes).
    Removing gd32f1x0_usart.o(.text.usart_interrupt_disable), (36 bytes).
    Removing gd32f1x0_usart.o(.ARM.exidx.text.usart_interrupt_disable), (8 bytes).
    Removing gd32f1x0_usart.o(.text.usart_interrupt_flag_get), (94 bytes).
    Removing gd32f1x0_usart.o(.ARM.exidx.text.usart_interrupt_flag_get), (8 bytes).
    Removing gd32f1x0_usart.o(.text.usart_interrupt_flag_clear), (30 bytes).
    Removing gd32f1x0_usart.o(.ARM.exidx.text.usart_interrupt_flag_clear), (8 bytes).
    Removing gd32f1x0_wwdgt.o(.text), (0 bytes).
    Removing gd32f1x0_wwdgt.o(.text.wwdgt_deinit), (24 bytes).
    Removing gd32f1x0_wwdgt.o(.ARM.exidx.text.wwdgt_deinit), (8 bytes).
    Removing gd32f1x0_wwdgt.o(.text.wwdgt_enable), (18 bytes).
    Removing gd32f1x0_wwdgt.o(.ARM.exidx.text.wwdgt_enable), (8 bytes).
    Removing gd32f1x0_wwdgt.o(.text.wwdgt_counter_update), (28 bytes).
    Removing gd32f1x0_wwdgt.o(.ARM.exidx.text.wwdgt_counter_update), (8 bytes).
    Removing gd32f1x0_wwdgt.o(.text.wwdgt_config), (56 bytes).
    Removing gd32f1x0_wwdgt.o(.ARM.exidx.text.wwdgt_config), (8 bytes).
    Removing gd32f1x0_wwdgt.o(.text.wwdgt_flag_get), (42 bytes).
    Removing gd32f1x0_wwdgt.o(.ARM.exidx.text.wwdgt_flag_get), (8 bytes).
    Removing gd32f1x0_wwdgt.o(.text.wwdgt_flag_clear), (14 bytes).
    Removing gd32f1x0_wwdgt.o(.ARM.exidx.text.wwdgt_flag_clear), (8 bytes).
    Removing gd32f1x0_wwdgt.o(.text.wwdgt_interrupt_enable), (18 bytes).
    Removing gd32f1x0_wwdgt.o(.ARM.exidx.text.wwdgt_interrupt_enable), (8 bytes).
    Removing system_gd32f1x0.o(.text), (0 bytes).
    Removing system_gd32f1x0.o(.ARM.exidx.text.SystemInit), (8 bytes).
    Removing system_gd32f1x0.o(.ARM.exidx.text._soft_delay_), (8 bytes).
    Removing system_gd32f1x0.o(.ARM.exidx.text.system_clock_config), (8 bytes).
    Removing system_gd32f1x0.o(.text.SystemCoreClockUpdate), (332 bytes).
    Removing system_gd32f1x0.o(.ARM.exidx.text.SystemCoreClockUpdate), (8 bytes).
    Removing system_gd32f1x0.o(.text.gd32f1x0_firmware_version_get), (10 bytes).
    Removing system_gd32f1x0.o(.ARM.exidx.text.gd32f1x0_firmware_version_get), (8 bytes).
    Removing system_gd32f1x0.o(.ARM.exidx.text.system_clock_72m_hxtal), (8 bytes).
    Removing system_gd32f1x0.o(.rodata.cst16), (16 bytes).
    Removing startup_gd32f1x0.o(HEAP), (1024 bytes).

1102 unused section(s) (total 33382 bytes) removed from the image.

==============================================================================

Image Symbol Table

    Local Symbols

    Symbol Name                              Value     Ov Type        Size  Object(Section)

    ../Libraries/CMSIS/GD/GD32F1x0/Source/ARM/startup_gd32f1x0.s 0x00000000   Number         0  startup_gd32f1x0.o ABSOLUTE
    ../clib/division.s                       0x00000000   Number         0  aeabi_sdiv.o ABSOLUTE
    ../clib/microlib/division.c              0x00000000   Number         0  uidiv.o ABSOLUTE
    ../clib/microlib/division.c              0x00000000   Number         0  uldiv.o ABSOLUTE
    ../clib/microlib/init/entry.s            0x00000000   Number         0  entry.o ABSOLUTE
    ../clib/microlib/init/entry.s            0x00000000   Number         0  entry2.o ABSOLUTE
    ../clib/microlib/init/entry.s            0x00000000   Number         0  entry5.o ABSOLUTE
    ../clib/microlib/init/entry.s            0x00000000   Number         0  entry7a.o ABSOLUTE
    ../clib/microlib/init/entry.s            0x00000000   Number         0  entry7b.o ABSOLUTE
    ../clib/microlib/init/entry.s            0x00000000   Number         0  entry8a.o ABSOLUTE
    ../clib/microlib/init/entry.s            0x00000000   Number         0  entry8b.o ABSOLUTE
    ../clib/microlib/init/entry.s            0x00000000   Number         0  entry9a.o ABSOLUTE
    ../clib/microlib/init/entry.s            0x00000000   Number         0  entry9b.o ABSOLUTE
    ../clib/microlib/init/entry.s            0x00000000   Number         0  entry10a.o ABSOLUTE
    ../clib/microlib/init/entry.s            0x00000000   Number         0  entry10b.o ABSOLUTE
    ../clib/microlib/init/entry.s            0x00000000   Number         0  entry11a.o ABSOLUTE
    ../clib/microlib/init/entry.s            0x00000000   Number         0  entry11b.o ABSOLUTE
    ../clib/microlib/longlong.c              0x00000000   Number         0  llshl.o ABSOLUTE
    ../clib/microlib/longlong.c              0x00000000   Number         0  llushr.o ABSOLUTE
    ../clib/microlib/longlong.c              0x00000000   Number         0  llsshr.o ABSOLUTE
    ../clib/microlib/printf/printf.c         0x00000000   Number         0  printfa.o ABSOLUTE
    ../clib/microlib/stdio/streams.c         0x00000000   Number         0  stdout.o ABSOLUTE
    ../clib/microlib/string/memcpy.c         0x00000000   Number         0  memcpya.o ABSOLUTE
    ../clib/microlib/string/memcpy.c         0x00000000   Number         0  memcpyb.o ABSOLUTE
    ../clib/microlib/string/memset.c         0x00000000   Number         0  memseta.o ABSOLUTE
    ../clib/microlib/stubs.s                 0x00000000   Number         0  iusefp.o ABSOLUTE
    ../fplib/microlib/fpadd.c                0x00000000   Number         0  dadd.o ABSOLUTE
    ../fplib/microlib/fpdiv.c                0x00000000   Number         0  ddiv.o ABSOLUTE
    ../fplib/microlib/fpepilogue.c           0x00000000   Number         0  depilogue.o ABSOLUTE
    ../fplib/microlib/fpfix.c                0x00000000   Number         0  dfixul.o ABSOLUTE
    ../fplib/microlib/fpmul.c                0x00000000   Number         0  dmul.o ABSOLUTE
    cdrcmple.s                               0x00000000   Number         0  cdrcmple.o ABSOLUTE
    dc.s                                     0x00000000   Number         0  dc.o ABSOLUTE
    gd32f1x0_adc.c                           0x00000000   Number         0  gd32f1x0_adc.o ABSOLUTE
    gd32f1x0_cec.c                           0x00000000   Number         0  gd32f1x0_cec.o ABSOLUTE
    gd32f1x0_cmp.c                           0x00000000   Number         0  gd32f1x0_cmp.o ABSOLUTE
    gd32f1x0_crc.c                           0x00000000   Number         0  gd32f1x0_crc.o ABSOLUTE
    gd32f1x0_dac.c                           0x00000000   Number         0  gd32f1x0_dac.o ABSOLUTE
    gd32f1x0_dbg.c                           0x00000000   Number         0  gd32f1x0_dbg.o ABSOLUTE
    gd32f1x0_dma.c                           0x00000000   Number         0  gd32f1x0_dma.o ABSOLUTE
    gd32f1x0_exti.c                          0x00000000   Number         0  gd32f1x0_exti.o ABSOLUTE
    gd32f1x0_fmc.c                           0x00000000   Number         0  gd32f1x0_fmc.o ABSOLUTE
    gd32f1x0_fwdgt.c                         0x00000000   Number         0  gd32f1x0_fwdgt.o ABSOLUTE
    gd32f1x0_gpio.c                          0x00000000   Number         0  gd32f1x0_gpio.o ABSOLUTE
    gd32f1x0_i2c.c                           0x00000000   Number         0  gd32f1x0_i2c.o ABSOLUTE
    gd32f1x0_it.c                            0x00000000   Number         0  gd32f1x0_it.o ABSOLUTE
    gd32f1x0_misc.c                          0x00000000   Number         0  gd32f1x0_misc.o ABSOLUTE
    gd32f1x0_pmu.c                           0x00000000   Number         0  gd32f1x0_pmu.o ABSOLUTE
    gd32f1x0_rcu.c                           0x00000000   Number         0  gd32f1x0_rcu.o ABSOLUTE
    gd32f1x0_rtc.c                           0x00000000   Number         0  gd32f1x0_rtc.o ABSOLUTE
    gd32f1x0_spi.c                           0x00000000   Number         0  gd32f1x0_spi.o ABSOLUTE
    gd32f1x0_syscfg.c                        0x00000000   Number         0  gd32f1x0_syscfg.o ABSOLUTE
    gd32f1x0_timer.c                         0x00000000   Number         0  gd32f1x0_timer.o ABSOLUTE
    gd32f1x0_tsi.c                           0x00000000   Number         0  gd32f1x0_tsi.o ABSOLUTE
    gd32f1x0_usart.c                         0x00000000   Number         0  gd32f1x0_usart.o ABSOLUTE
    gd32f1x0_wwdgt.c                         0x00000000   Number         0  gd32f1x0_wwdgt.o ABSOLUTE
    handlers.s                               0x00000000   Number         0  handlers.o ABSOLUTE
    init.s                                   0x00000000   Number         0  init.o ABSOLUTE
    led.c                                    0x00000000   Number         0  led.o ABSOLUTE
    main.c                                   0x00000000   Number         0  main.o ABSOLUTE
    system_gd32f1x0.c                        0x00000000   Number         0  system_gd32f1x0.o ABSOLUTE
    systick.c                                0x00000000   Number         0  systick.o ABSOLUTE
    timer.c                                  0x00000000   Number         0  timer.o ABSOLUTE
    usart.c                                  0x00000000   Number         0  usart.o ABSOLUTE
    ws2812_driver.c                          0x00000000   Number         0  ws2812_driver.o ABSOLUTE
    RESET                                    0x08000000   Section      272  startup_gd32f1x0.o(RESET)
    .ARM.Collect$$$$00000000                 0x08000110   Section        0  entry.o(.ARM.Collect$$$$00000000)
    .ARM.Collect$$$$00000001                 0x08000110   Section        4  entry2.o(.ARM.Collect$$$$00000001)
    .ARM.Collect$$$$00000004                 0x08000114   Section        4  entry5.o(.ARM.Collect$$$$00000004)
    .ARM.Collect$$$$00000008                 0x08000118   Section        0  entry7b.o(.ARM.Collect$$$$00000008)
    .ARM.Collect$$$$0000000A                 0x08000118   Section        0  entry8b.o(.ARM.Collect$$$$0000000A)
    .ARM.Collect$$$$0000000B                 0x08000118   Section        8  entry9a.o(.ARM.Collect$$$$0000000B)
    __lit__00000000                          0x08000120   Data           4  entry2.o(.ARM.Collect$$$$00002712)
    .ARM.Collect$$$$0000000D                 0x08000120   Section        0  entry10a.o(.ARM.Collect$$$$0000000D)
    .ARM.Collect$$$$0000000F                 0x08000120   Section        0  entry11a.o(.ARM.Collect$$$$0000000F)
    .ARM.Collect$$$$00002712                 0x08000120   Section        4  entry2.o(.ARM.Collect$$$$00002712)
    .text                                    0x08000124   Section       36  startup_gd32f1x0.o(.text)
    .text                                    0x08000148   Section        0  memcpya.o(.text)
    .text                                    0x0800016c   Section        0  memseta.o(.text)
    .text                                    0x08000190   Section        0  uidiv.o(.text)
    .text                                    0x080001bc   Section        0  uldiv.o(.text)
    .text                                    0x0800021e   Section        0  iusefp.o(.text)
    .text                                    0x0800021e   Section        0  dadd.o(.text)
    .text                                    0x0800036c   Section        0  dmul.o(.text)
    .text                                    0x08000450   Section        0  ddiv.o(.text)
    .text                                    0x0800052e   Section        0  dfixul.o(.text)
    .text                                    0x08000560   Section       48  cdrcmple.o(.text)
    .text                                    0x08000590   Section       48  init.o(.text)
    .text                                    0x080005c0   Section        0  llshl.o(.text)
    .text                                    0x080005de   Section        0  llushr.o(.text)
    .text                                    0x080005fe   Section        0  llsshr.o(.text)
    .text                                    0x08000622   Section        0  depilogue.o(.text)
    [Anonymous Symbol]                       0x080006dc   Section        0  gd32f1x0_it.o(.text.BusFault_Handler)
    [Anonymous Symbol]                       0x080006e0   Section        0  gd32f1x0_it.o(.text.DMA_Channel1_2_IRQHandler)
    [Anonymous Symbol]                       0x08000710   Section        0  gd32f1x0_it.o(.text.DebugMon_Handler)
    HAL_DMA_Init                             0x08000715   Thumb Code   118  ws2812_driver.o(.text.HAL_DMA_Init)
    [Anonymous Symbol]                       0x08000714   Section        0  ws2812_driver.o(.text.HAL_DMA_Init)
    HAL_GPIO_Init                            0x0800078d   Thumb Code    66  ws2812_driver.o(.text.HAL_GPIO_Init)
    [Anonymous Symbol]                       0x0800078c   Section        0  ws2812_driver.o(.text.HAL_GPIO_Init)
    HAL_TIMER_Init                           0x080007d1   Thumb Code   178  ws2812_driver.o(.text.HAL_TIMER_Init)
    [Anonymous Symbol]                       0x080007d0   Section        0  ws2812_driver.o(.text.HAL_TIMER_Init)
    [Anonymous Symbol]                       0x08000884   Section        0  gd32f1x0_it.o(.text.HardFault_Handler)
    [Anonymous Symbol]                       0x08000888   Section        0  gd32f1x0_it.o(.text.MemManage_Handler)
    [Anonymous Symbol]                       0x0800088c   Section        0  gd32f1x0_it.o(.text.NMI_Handler)
    NVIC_SetPriority                         0x08000891   Thumb Code    68  systick.o(.text.NVIC_SetPriority)
    [Anonymous Symbol]                       0x08000890   Section        0  systick.o(.text.NVIC_SetPriority)
    [Anonymous Symbol]                       0x080008d4   Section        0  gd32f1x0_it.o(.text.PendSV_Handler)
    [Anonymous Symbol]                       0x080008d8   Section        0  gd32f1x0_it.o(.text.SVC_Handler)
    SysTick_Config                           0x080008dd   Thumb Code    82  systick.o(.text.SysTick_Config)
    [Anonymous Symbol]                       0x080008dc   Section        0  systick.o(.text.SysTick_Config)
    [Anonymous Symbol]                       0x08000930   Section        0  gd32f1x0_it.o(.text.SysTick_Handler)
    [Anonymous Symbol]                       0x08000938   Section        0  system_gd32f1x0.o(.text.SystemInit)
    [Anonymous Symbol]                       0x08000aa8   Section        0  gd32f1x0_it.o(.text.UsageFault_Handler)
    [Anonymous Symbol]                       0x08000aac   Section        0  ws2812_driver.o(.text.WS2812_Init)
    [Anonymous Symbol]                       0x08000adc   Section        0  ws2812_driver.o(.text.WS2812_LIUSHUI)
    [Anonymous Symbol]                       0x08000bf4   Section        0  ws2812_driver.o(.text.WS2812_SetColor)
    [Anonymous Symbol]                       0x08000cc8   Section        0  ws2812_driver.o(.text.WS2812_Update)
    _soft_delay_                             0x08000d21   Thumb Code    40  system_gd32f1x0.o(.text._soft_delay_)
    [Anonymous Symbol]                       0x08000d20   Section        0  system_gd32f1x0.o(.text._soft_delay_)
    [Anonymous Symbol]                       0x08000d48   Section        0  usart.o(.text.debug_print_matrix)
    [Anonymous Symbol]                       0x08000de0   Section        0  systick.o(.text.delay_1ms)
    [Anonymous Symbol]                       0x08000e08   Section        0  systick.o(.text.delay_decrement)
    [Anonymous Symbol]                       0x08000e28   Section        0  gd32f1x0_dma.o(.text.dma_channel_disable)
    [Anonymous Symbol]                       0x08000e4c   Section        0  gd32f1x0_dma.o(.text.dma_channel_enable)
    [Anonymous Symbol]                       0x08000e70   Section        0  gd32f1x0_dma.o(.text.dma_circulation_disable)
    [Anonymous Symbol]                       0x08000e94   Section        0  gd32f1x0_dma.o(.text.dma_deinit)
    [Anonymous Symbol]                       0x08000f14   Section        0  gd32f1x0_dma.o(.text.dma_init)
    [Anonymous Symbol]                       0x0800106c   Section        0  gd32f1x0_dma.o(.text.dma_interrupt_enable)
    [Anonymous Symbol]                       0x08001094   Section        0  gd32f1x0_dma.o(.text.dma_interrupt_flag_clear)
    [Anonymous Symbol]                       0x080010b8   Section        0  gd32f1x0_dma.o(.text.dma_interrupt_flag_get)
    [Anonymous Symbol]                       0x08001198   Section        0  gd32f1x0_dma.o(.text.dma_memory_to_memory_disable)
    [Anonymous Symbol]                       0x080011bc   Section        0  gd32f1x0_dma.o(.text.dma_transfer_number_config)
    [Anonymous Symbol]                       0x080011e0   Section        0  usart.o(.text.fputc)
    [Anonymous Symbol]                       0x08001218   Section        0  gd32f1x0_gpio.o(.text.gpio_af_set)
    [Anonymous Symbol]                       0x080012ec   Section        0  gd32f1x0_gpio.o(.text.gpio_bit_write)
    [Anonymous Symbol]                       0x08001314   Section        0  gd32f1x0_gpio.o(.text.gpio_input_bit_get)
    [Anonymous Symbol]                       0x08001340   Section        0  gd32f1x0_gpio.o(.text.gpio_mode_set)
    [Anonymous Symbol]                       0x080013dc   Section        0  gd32f1x0_gpio.o(.text.gpio_output_options_set)
    [Anonymous Symbol]                       0x08001470   Section        0  led.o(.text.led_gpio_init)
    [Anonymous Symbol]                       0x080014a8   Section        0  led.o(.text.led_toggle)
    [Anonymous Symbol]                       0x080014d4   Section        0  main.o(.text.main)
    [Anonymous Symbol]                       0x08001504   Section        0  gd32f1x0_misc.o(.text.nvic_irq_enable)
    [Anonymous Symbol]                       0x080015f8   Section        0  gd32f1x0_misc.o(.text.nvic_priority_group_set)
    [Anonymous Symbol]                       0x08001614   Section        0  gd32f1x0_misc.o(.text.nvic_vector_table_set)
    [Anonymous Symbol]                       0x0800163c   Section        0  gd32f1x0_rcu.o(.text.rcu_clock_freq_get)
    [Anonymous Symbol]                       0x080018fc   Section        0  gd32f1x0_rcu.o(.text.rcu_periph_clock_enable)
    [Anonymous Symbol]                       0x08001924   Section        0  gd32f1x0_rcu.o(.text.rcu_periph_reset_disable)
    [Anonymous Symbol]                       0x0800194c   Section        0  gd32f1x0_rcu.o(.text.rcu_periph_reset_enable)
    system_clock_72m_hxtal                   0x08001975   Thumb Code   246  system_gd32f1x0.o(.text.system_clock_72m_hxtal)
    [Anonymous Symbol]                       0x08001974   Section        0  system_gd32f1x0.o(.text.system_clock_72m_hxtal)
    system_clock_config                      0x08001a6d   Thumb Code     8  system_gd32f1x0.o(.text.system_clock_config)
    [Anonymous Symbol]                       0x08001a6c   Section        0  system_gd32f1x0.o(.text.system_clock_config)
    [Anonymous Symbol]                       0x08001a74   Section        0  systick.o(.text.systick_config)
    [Anonymous Symbol]                       0x08001aa8   Section        0  gd32f1x0_timer.o(.text.timer_auto_reload_shadow_enable)
    [Anonymous Symbol]                       0x08001abc   Section        0  gd32f1x0_timer.o(.text.timer_channel_dma_request_source_select)
    [Anonymous Symbol]                       0x08001af8   Section        0  gd32f1x0_timer.o(.text.timer_channel_output_config)
    [Anonymous Symbol]                       0x08001de4   Section        0  gd32f1x0_timer.o(.text.timer_channel_output_mode_config)
    [Anonymous Symbol]                       0x08001e70   Section        0  gd32f1x0_timer.o(.text.timer_channel_output_pulse_value_config)
    [Anonymous Symbol]                       0x08001eb8   Section        0  gd32f1x0_timer.o(.text.timer_channel_output_shadow_config)
    [Anonymous Symbol]                       0x08001f44   Section        0  gd32f1x0_timer.o(.text.timer_channel_output_state_config)
    [Anonymous Symbol]                       0x08001fc8   Section        0  gd32f1x0_timer.o(.text.timer_deinit)
    [Anonymous Symbol]                       0x080020e0   Section        0  gd32f1x0_timer.o(.text.timer_disable)
    [Anonymous Symbol]                       0x080020f4   Section        0  gd32f1x0_timer.o(.text.timer_dma_enable)
    [Anonymous Symbol]                       0x0800210c   Section        0  gd32f1x0_timer.o(.text.timer_enable)
    [Anonymous Symbol]                       0x08002120   Section        0  gd32f1x0_timer.o(.text.timer_init)
    [Anonymous Symbol]                       0x08002260   Section        0  gd32f1x0_timer.o(.text.timer_primary_output_config)
    [Anonymous Symbol]                       0x08002290   Section        0  usart.o(.text.uart_init)
    [Anonymous Symbol]                       0x0800232c   Section        0  gd32f1x0_usart.o(.text.usart_baudrate_set)
    [Anonymous Symbol]                       0x080023e8   Section        0  gd32f1x0_usart.o(.text.usart_data_transmit)
    [Anonymous Symbol]                       0x080023fc   Section        0  gd32f1x0_usart.o(.text.usart_deinit)
    [Anonymous Symbol]                       0x08002450   Section        0  gd32f1x0_usart.o(.text.usart_enable)
    [Anonymous Symbol]                       0x08002464   Section        0  gd32f1x0_usart.o(.text.usart_flag_get)
    [Anonymous Symbol]                       0x080024a0   Section        0  gd32f1x0_usart.o(.text.usart_receive_config)
    [Anonymous Symbol]                       0x080024c0   Section        0  gd32f1x0_usart.o(.text.usart_transmit_config)
    i.__0printf                              0x080024e0   Section        0  printfa.o(i.__0printf)
    i.__scatterload_copy                     0x08002500   Section       14  handlers.o(i.__scatterload_copy)
    i.__scatterload_null                     0x0800250e   Section        2  handlers.o(i.__scatterload_null)
    i.__scatterload_zeroinit                 0x08002510   Section       14  handlers.o(i.__scatterload_zeroinit)
    _fp_digits                               0x08002521   Thumb Code   366  printfa.o(i._fp_digits)
    i._fp_digits                             0x08002520   Section        0  printfa.o(i._fp_digits)
    _printf_core                             0x080026a5   Thumb Code  1744  printfa.o(i._printf_core)
    i._printf_core                           0x080026a4   Section        0  printfa.o(i._printf_core)
    _printf_post_padding                     0x08002d81   Thumb Code    36  printfa.o(i._printf_post_padding)
    i._printf_post_padding                   0x08002d80   Section        0  printfa.o(i._printf_post_padding)
    _printf_pre_padding                      0x08002da5   Thumb Code    46  printfa.o(i._printf_pre_padding)
    i._printf_pre_padding                    0x08002da4   Section        0  printfa.o(i._printf_pre_padding)
    .L__const.WS2812_LIUSHUI.colors          0x08002dd2   Data          21  ws2812_driver.o(.rodata..L__const.WS2812_LIUSHUI.colors)
    .L.str.2                                 0x08002de7   Data           2  usart.o(.rodata.str1.1)
    [Anonymous Symbol]                       0x08002de7   Section        0  usart.o(.rodata.str1.1)
    .L.str                                   0x08002de9   Data          12  usart.o(.rodata.str1.1)
    .L.str.1                                 0x08002df5   Data           6  usart.o(.rodata.str1.1)
    .data                                    0x20000000   Section        4  stdout.o(.data)
    WS2812_LIUSHUI.color_index               0x20000008   Data           1  ws2812_driver.o(.bss.WS2812_LIUSHUI.color_index)
    [Anonymous Symbol]                       0x20000008   Section        0  ws2812_driver.o(.bss.WS2812_LIUSHUI.color_index)
    WS2812_LIUSHUI.pos                       0x20000009   Data           1  ws2812_driver.o(.bss.WS2812_LIUSHUI.pos)
    [Anonymous Symbol]                       0x20000009   Section        0  ws2812_driver.o(.bss.WS2812_LIUSHUI.pos)
    delay                                    0x2000000c   Data           4  systick.o(.bss.delay)
    [Anonymous Symbol]                       0x2000000c   Section        0  systick.o(.bss.delay)
    led_buffer                               0x20000014   Data         576  ws2812_driver.o(.bss.led_buffer)
    [Anonymous Symbol]                       0x20000014   Section        0  ws2812_driver.o(.bss.led_buffer)
    reset_frame                              0x20000254   Data         288  ws2812_driver.o(.bss.reset_frame)
    [Anonymous Symbol]                       0x20000254   Section        0  ws2812_driver.o(.bss.reset_frame)
    STACK                                    0x20000378   Section     1024  startup_gd32f1x0.o(STACK)

    Global Symbols

    Symbol Name                              Value     Ov Type        Size  Object(Section)

    BuildAttributes$$THM_ISAv4$P$D$K$B$S$PE$A:L22UL41UL21$X:L11$S22US41US21$IEEE1$IW$~IW$USESV6$~STKCKD$USESV7$~SHL$OSPACE$ROPI$EBA8$MICROLIB$REQ8$PRES8$EABIv2 0x00000000   Number         0  anon$$obj.o ABSOLUTE
    __cpp_initialize__aeabi_                  - Undefined Weak Reference
    __cxa_finalize                            - Undefined Weak Reference
    __decompress                              - Undefined Weak Reference
    _clock_init                               - Undefined Weak Reference
    _microlib_exit                            - Undefined Weak Reference
    __Vectors_Size                           0x00000110   Number         0  startup_gd32f1x0.o ABSOLUTE
    __Vectors                                0x08000000   Data           4  startup_gd32f1x0.o(RESET)
    __Vectors_End                            0x08000110   Data           0  startup_gd32f1x0.o(RESET)
    __main                                   0x08000111   Thumb Code     0  entry.o(.ARM.Collect$$$$00000000)
    _main_stk                                0x08000111   Thumb Code     0  entry2.o(.ARM.Collect$$$$00000001)
    _main_scatterload                        0x08000115   Thumb Code     0  entry5.o(.ARM.Collect$$$$00000004)
    __main_after_scatterload                 0x08000119   Thumb Code     0  entry5.o(.ARM.Collect$$$$00000004)
    _main_clock                              0x08000119   Thumb Code     0  entry7b.o(.ARM.Collect$$$$00000008)
    _main_cpp_init                           0x08000119   Thumb Code     0  entry8b.o(.ARM.Collect$$$$0000000A)
    _main_init                               0x08000119   Thumb Code     0  entry9a.o(.ARM.Collect$$$$0000000B)
    __rt_final_cpp                           0x08000121   Thumb Code     0  entry10a.o(.ARM.Collect$$$$0000000D)
    __rt_final_exit                          0x08000121   Thumb Code     0  entry11a.o(.ARM.Collect$$$$0000000F)
    Reset_Handler                            0x08000125   Thumb Code     8  startup_gd32f1x0.o(.text)
    ADC_CMP_IRQHandler                       0x0800013f   Thumb Code     0  startup_gd32f1x0.o(.text)
    CEC_IRQHandler                           0x0800013f   Thumb Code     0  startup_gd32f1x0.o(.text)
    DMA_Channel0_IRQHandler                  0x0800013f   Thumb Code     0  startup_gd32f1x0.o(.text)
    DMA_Channel3_4_IRQHandler                0x0800013f   Thumb Code     0  startup_gd32f1x0.o(.text)
    DMA_Channel5_6_IRQHandler                0x0800013f   Thumb Code     0  startup_gd32f1x0.o(.text)
    EXTI0_1_IRQHandler                       0x0800013f   Thumb Code     0  startup_gd32f1x0.o(.text)
    EXTI2_3_IRQHandler                       0x0800013f   Thumb Code     0  startup_gd32f1x0.o(.text)
    EXTI4_15_IRQHandler                      0x0800013f   Thumb Code     0  startup_gd32f1x0.o(.text)
    FMC_IRQHandler                           0x0800013f   Thumb Code     0  startup_gd32f1x0.o(.text)
    I2C0_ER_IRQHandler                       0x0800013f   Thumb Code     0  startup_gd32f1x0.o(.text)
    I2C0_EV_IRQHandler                       0x0800013f   Thumb Code     0  startup_gd32f1x0.o(.text)
    I2C1_ER_IRQHandler                       0x0800013f   Thumb Code     0  startup_gd32f1x0.o(.text)
    I2C1_EV_IRQHandler                       0x0800013f   Thumb Code     0  startup_gd32f1x0.o(.text)
    I2C2_ER_IRQHandler                       0x0800013f   Thumb Code     0  startup_gd32f1x0.o(.text)
    I2C2_EV_IRQHandler                       0x0800013f   Thumb Code     0  startup_gd32f1x0.o(.text)
    LVD_IRQHandler                           0x0800013f   Thumb Code     0  startup_gd32f1x0.o(.text)
    RCU_IRQHandler                           0x0800013f   Thumb Code     0  startup_gd32f1x0.o(.text)
    RTC_IRQHandler                           0x0800013f   Thumb Code     0  startup_gd32f1x0.o(.text)
    SPI0_IRQHandler                          0x0800013f   Thumb Code     0  startup_gd32f1x0.o(.text)
    SPI1_IRQHandler                          0x0800013f   Thumb Code     0  startup_gd32f1x0.o(.text)
    SPI2_IRQHandler                          0x0800013f   Thumb Code     0  startup_gd32f1x0.o(.text)
    TIMER0_BRK_UP_TRG_COM_IRQHandler         0x0800013f   Thumb Code     0  startup_gd32f1x0.o(.text)
    TIMER0_Channel_IRQHandler                0x0800013f   Thumb Code     0  startup_gd32f1x0.o(.text)
    TIMER13_IRQHandler                       0x0800013f   Thumb Code     0  startup_gd32f1x0.o(.text)
    TIMER14_IRQHandler                       0x0800013f   Thumb Code     0  startup_gd32f1x0.o(.text)
    TIMER15_IRQHandler                       0x0800013f   Thumb Code     0  startup_gd32f1x0.o(.text)
    TIMER16_IRQHandler                       0x0800013f   Thumb Code     0  startup_gd32f1x0.o(.text)
    TIMER1_IRQHandler                        0x0800013f   Thumb Code     0  startup_gd32f1x0.o(.text)
    TIMER2_IRQHandler                        0x0800013f   Thumb Code     0  startup_gd32f1x0.o(.text)
    TIMER5_DAC_IRQHandler                    0x0800013f   Thumb Code     0  startup_gd32f1x0.o(.text)
    TSI_IRQHandler                           0x0800013f   Thumb Code     0  startup_gd32f1x0.o(.text)
    USART0_IRQHandler                        0x0800013f   Thumb Code     0  startup_gd32f1x0.o(.text)
    USART1_IRQHandler                        0x0800013f   Thumb Code     0  startup_gd32f1x0.o(.text)
    USBDWakeUp_IRQHandler                    0x0800013f   Thumb Code     0  startup_gd32f1x0.o(.text)
    USBD_HP_IRQHandler                       0x0800013f   Thumb Code     0  startup_gd32f1x0.o(.text)
    USBD_LP_IRQHandler                       0x0800013f   Thumb Code     0  startup_gd32f1x0.o(.text)
    WWDGT_IRQHandler                         0x0800013f   Thumb Code     0  startup_gd32f1x0.o(.text)
    __aeabi_memcpy                           0x08000149   Thumb Code    36  memcpya.o(.text)
    __aeabi_memcpy4                          0x08000149   Thumb Code     0  memcpya.o(.text)
    __aeabi_memcpy8                          0x08000149   Thumb Code     0  memcpya.o(.text)
    __aeabi_memset                           0x0800016d   Thumb Code    14  memseta.o(.text)
    __aeabi_memset4                          0x0800016d   Thumb Code     0  memseta.o(.text)
    __aeabi_memset8                          0x0800016d   Thumb Code     0  memseta.o(.text)
    __aeabi_memclr                           0x0800017b   Thumb Code     4  memseta.o(.text)
    __aeabi_memclr4                          0x0800017b   Thumb Code     0  memseta.o(.text)
    __aeabi_memclr8                          0x0800017b   Thumb Code     0  memseta.o(.text)
    _memset$wrapper                          0x0800017f   Thumb Code    18  memseta.o(.text)
    __aeabi_uidiv                            0x08000191   Thumb Code     0  uidiv.o(.text)
    __aeabi_uidivmod                         0x08000191   Thumb Code    44  uidiv.o(.text)
    __aeabi_uldivmod                         0x080001bd   Thumb Code    98  uldiv.o(.text)
    __I$use$fp                               0x0800021f   Thumb Code     0  iusefp.o(.text)
    __aeabi_dadd                             0x0800021f   Thumb Code   322  dadd.o(.text)
    __aeabi_dsub                             0x08000361   Thumb Code     6  dadd.o(.text)
    __aeabi_drsub                            0x08000367   Thumb Code     6  dadd.o(.text)
    __aeabi_dmul                             0x0800036d   Thumb Code   228  dmul.o(.text)
    __aeabi_ddiv                             0x08000451   Thumb Code   222  ddiv.o(.text)
    __aeabi_d2ulz                            0x0800052f   Thumb Code    48  dfixul.o(.text)
    __aeabi_cdrcmple                         0x08000561   Thumb Code    48  cdrcmple.o(.text)
    __scatterload                            0x08000591   Thumb Code    38  init.o(.text)
    __scatterload_rt2                        0x08000591   Thumb Code     0  init.o(.text)
    __aeabi_llsl                             0x080005c1   Thumb Code    30  llshl.o(.text)
    _ll_shift_l                              0x080005c1   Thumb Code     0  llshl.o(.text)
    __aeabi_llsr                             0x080005df   Thumb Code    32  llushr.o(.text)
    _ll_ushift_r                             0x080005df   Thumb Code     0  llushr.o(.text)
    __aeabi_lasr                             0x080005ff   Thumb Code    36  llsshr.o(.text)
    _ll_sshift_r                             0x080005ff   Thumb Code     0  llsshr.o(.text)
    _double_round                            0x08000623   Thumb Code    30  depilogue.o(.text)
    _double_epilogue                         0x08000641   Thumb Code   156  depilogue.o(.text)
    BusFault_Handler                         0x080006dd   Thumb Code     4  gd32f1x0_it.o(.text.BusFault_Handler)
    DMA_Channel1_2_IRQHandler                0x080006e1   Thumb Code    46  gd32f1x0_it.o(.text.DMA_Channel1_2_IRQHandler)
    DebugMon_Handler                         0x08000711   Thumb Code     4  gd32f1x0_it.o(.text.DebugMon_Handler)
    HardFault_Handler                        0x08000885   Thumb Code     4  gd32f1x0_it.o(.text.HardFault_Handler)
    MemManage_Handler                        0x08000889   Thumb Code     4  gd32f1x0_it.o(.text.MemManage_Handler)
    NMI_Handler                              0x0800088d   Thumb Code     4  gd32f1x0_it.o(.text.NMI_Handler)
    PendSV_Handler                           0x080008d5   Thumb Code     4  gd32f1x0_it.o(.text.PendSV_Handler)
    SVC_Handler                              0x080008d9   Thumb Code     4  gd32f1x0_it.o(.text.SVC_Handler)
    SysTick_Handler                          0x08000931   Thumb Code     8  gd32f1x0_it.o(.text.SysTick_Handler)
    SystemInit                               0x08000939   Thumb Code   368  system_gd32f1x0.o(.text.SystemInit)
    UsageFault_Handler                       0x08000aa9   Thumb Code     4  gd32f1x0_it.o(.text.UsageFault_Handler)
    WS2812_Init                              0x08000aad   Thumb Code    48  ws2812_driver.o(.text.WS2812_Init)
    WS2812_LIUSHUI                           0x08000add   Thumb Code   280  ws2812_driver.o(.text.WS2812_LIUSHUI)
    WS2812_SetColor                          0x08000bf5   Thumb Code   212  ws2812_driver.o(.text.WS2812_SetColor)
    WS2812_Update                            0x08000cc9   Thumb Code    88  ws2812_driver.o(.text.WS2812_Update)
    debug_print_matrix                       0x08000d49   Thumb Code   152  usart.o(.text.debug_print_matrix)
    delay_1ms                                0x08000de1   Thumb Code    38  systick.o(.text.delay_1ms)
    delay_decrement                          0x08000e09   Thumb Code    32  systick.o(.text.delay_decrement)
    dma_channel_disable                      0x08000e29   Thumb Code    36  gd32f1x0_dma.o(.text.dma_channel_disable)
    dma_channel_enable                       0x08000e4d   Thumb Code    36  gd32f1x0_dma.o(.text.dma_channel_enable)
    dma_circulation_disable                  0x08000e71   Thumb Code    36  gd32f1x0_dma.o(.text.dma_circulation_disable)
    dma_deinit                               0x08000e95   Thumb Code   128  gd32f1x0_dma.o(.text.dma_deinit)
    dma_init                                 0x08000f15   Thumb Code   344  gd32f1x0_dma.o(.text.dma_init)
    dma_interrupt_enable                     0x0800106d   Thumb Code    38  gd32f1x0_dma.o(.text.dma_interrupt_enable)
    dma_interrupt_flag_clear                 0x08001095   Thumb Code    36  gd32f1x0_dma.o(.text.dma_interrupt_flag_clear)
    dma_interrupt_flag_get                   0x080010b9   Thumb Code   222  gd32f1x0_dma.o(.text.dma_interrupt_flag_get)
    dma_memory_to_memory_disable             0x08001199   Thumb Code    36  gd32f1x0_dma.o(.text.dma_memory_to_memory_disable)
    dma_transfer_number_config               0x080011bd   Thumb Code    34  gd32f1x0_dma.o(.text.dma_transfer_number_config)
    fputc                                    0x080011e1   Thumb Code    54  usart.o(.text.fputc)
    gpio_af_set                              0x08001219   Thumb Code   212  gd32f1x0_gpio.o(.text.gpio_af_set)
    gpio_bit_write                           0x080012ed   Thumb Code    38  gd32f1x0_gpio.o(.text.gpio_bit_write)
    gpio_input_bit_get                       0x08001315   Thumb Code    42  gd32f1x0_gpio.o(.text.gpio_input_bit_get)
    gpio_mode_set                            0x08001341   Thumb Code   156  gd32f1x0_gpio.o(.text.gpio_mode_set)
    gpio_output_options_set                  0x080013dd   Thumb Code   146  gd32f1x0_gpio.o(.text.gpio_output_options_set)
    led_gpio_init                            0x08001471   Thumb Code    54  led.o(.text.led_gpio_init)
    led_toggle                               0x080014a9   Thumb Code    44  led.o(.text.led_toggle)
    main                                     0x080014d5   Thumb Code    48  main.o(.text.main)
    nvic_irq_enable                          0x08001505   Thumb Code   242  gd32f1x0_misc.o(.text.nvic_irq_enable)
    nvic_priority_group_set                  0x080015f9   Thumb Code    28  gd32f1x0_misc.o(.text.nvic_priority_group_set)
    nvic_vector_table_set                    0x08001615   Thumb Code    40  gd32f1x0_misc.o(.text.nvic_vector_table_set)
    rcu_clock_freq_get                       0x0800163d   Thumb Code   704  gd32f1x0_rcu.o(.text.rcu_clock_freq_get)
    rcu_periph_clock_enable                  0x080018fd   Thumb Code    40  gd32f1x0_rcu.o(.text.rcu_periph_clock_enable)
    rcu_periph_reset_disable                 0x08001925   Thumb Code    40  gd32f1x0_rcu.o(.text.rcu_periph_reset_disable)
    rcu_periph_reset_enable                  0x0800194d   Thumb Code    40  gd32f1x0_rcu.o(.text.rcu_periph_reset_enable)
    systick_config                           0x08001a75   Thumb Code    50  systick.o(.text.systick_config)
    timer_auto_reload_shadow_enable          0x08001aa9   Thumb Code    18  gd32f1x0_timer.o(.text.timer_auto_reload_shadow_enable)
    timer_channel_dma_request_source_select  0x08001abd   Thumb Code    58  gd32f1x0_timer.o(.text.timer_channel_dma_request_source_select)
    timer_channel_output_config              0x08001af9   Thumb Code   746  gd32f1x0_timer.o(.text.timer_channel_output_config)
    timer_channel_output_mode_config         0x08001de5   Thumb Code   140  gd32f1x0_timer.o(.text.timer_channel_output_mode_config)
    timer_channel_output_pulse_value_config  0x08001e71   Thumb Code    70  gd32f1x0_timer.o(.text.timer_channel_output_pulse_value_config)
    timer_channel_output_shadow_config       0x08001eb9   Thumb Code   140  gd32f1x0_timer.o(.text.timer_channel_output_shadow_config)
    timer_channel_output_state_config        0x08001f45   Thumb Code   132  gd32f1x0_timer.o(.text.timer_channel_output_state_config)
    timer_deinit                             0x08001fc9   Thumb Code   280  gd32f1x0_timer.o(.text.timer_deinit)
    timer_disable                            0x080020e1   Thumb Code    18  gd32f1x0_timer.o(.text.timer_disable)
    timer_dma_enable                         0x080020f5   Thumb Code    24  gd32f1x0_timer.o(.text.timer_dma_enable)
    timer_enable                             0x0800210d   Thumb Code    18  gd32f1x0_timer.o(.text.timer_enable)
    timer_init                               0x08002121   Thumb Code   318  gd32f1x0_timer.o(.text.timer_init)
    timer_primary_output_config              0x08002261   Thumb Code    46  gd32f1x0_timer.o(.text.timer_primary_output_config)
    uart_init                                0x08002291   Thumb Code   156  usart.o(.text.uart_init)
    usart_baudrate_set                       0x0800232d   Thumb Code   188  gd32f1x0_usart.o(.text.usart_baudrate_set)
    usart_data_transmit                      0x080023e9   Thumb Code    20  gd32f1x0_usart.o(.text.usart_data_transmit)
    usart_deinit                             0x080023fd   Thumb Code    82  gd32f1x0_usart.o(.text.usart_deinit)
    usart_enable                             0x08002451   Thumb Code    18  gd32f1x0_usart.o(.text.usart_enable)
    usart_flag_get                           0x08002465   Thumb Code    58  gd32f1x0_usart.o(.text.usart_flag_get)
    usart_receive_config                     0x080024a1   Thumb Code    30  gd32f1x0_usart.o(.text.usart_receive_config)
    usart_transmit_config                    0x080024c1   Thumb Code    30  gd32f1x0_usart.o(.text.usart_transmit_config)
    __0printf                                0x080024e1   Thumb Code    22  printfa.o(i.__0printf)
    __1printf                                0x080024e1   Thumb Code     0  printfa.o(i.__0printf)
    __2printf                                0x080024e1   Thumb Code     0  printfa.o(i.__0printf)
    __c89printf                              0x080024e1   Thumb Code     0  printfa.o(i.__0printf)
    printf                                   0x080024e1   Thumb Code     0  printfa.o(i.__0printf)
    __scatterload_copy                       0x08002501   Thumb Code    14  handlers.o(i.__scatterload_copy)
    __scatterload_null                       0x0800250f   Thumb Code     2  handlers.o(i.__scatterload_null)
    __scatterload_zeroinit                   0x08002511   Thumb Code    14  handlers.o(i.__scatterload_zeroinit)
    Region$$Table$$Base                      0x08002dfc   Number         0  anon$$obj.o(Region$$Table)
    Region$$Table$$Limit                     0x08002e1c   Number         0  anon$$obj.o(Region$$Table)
    __stdout                                 0x20000000   Data           4  stdout.o(.data)
    SystemCoreClock                          0x20000004   Data           4  system_gd32f1x0.o(.data.SystemCoreClock)
    dma_busy                                 0x20000010   Data           1  ws2812_driver.o(.bss.dma_busy)
    __initial_sp                             0x20000778   Data           0  startup_gd32f1x0.o(STACK)



==============================================================================

Memory Map of the image

  Image Entry point : 0x08000111

  Load Region LR_IROM1 (Base: 0x08000000, Size: 0x00002e28, Max: 0x00010000, ABSOLUTE)

    Execution Region ER_IROM1 (Exec base: 0x08000000, Load base: 0x08000000, Size: 0x00002e1c, Max: 0x00010000, ABSOLUTE)

    Exec Addr    Load Addr    Size         Type   Attr      Idx    E Section Name        Object

    0x08000000   0x08000000   0x00000110   Data   RO         1360    RESET               startup_gd32f1x0.o
    0x08000110   0x08000110   0x00000000   Code   RO         1367  * .ARM.Collect$$$$00000000  mc_w.l(entry.o)
    0x08000110   0x08000110   0x00000004   Code   RO         1404    .ARM.Collect$$$$00000001  mc_w.l(entry2.o)
    0x08000114   0x08000114   0x00000004   Code   RO         1407    .ARM.Collect$$$$00000004  mc_w.l(entry5.o)
    0x08000118   0x08000118   0x00000000   Code   RO         1409    .ARM.Collect$$$$00000008  mc_w.l(entry7b.o)
    0x08000118   0x08000118   0x00000000   Code   RO         1411    .ARM.Collect$$$$0000000A  mc_w.l(entry8b.o)
    0x08000118   0x08000118   0x00000008   Code   RO         1412    .ARM.Collect$$$$0000000B  mc_w.l(entry9a.o)
    0x08000120   0x08000120   0x00000000   Code   RO         1414    .ARM.Collect$$$$0000000D  mc_w.l(entry10a.o)
    0x08000120   0x08000120   0x00000000   Code   RO         1416    .ARM.Collect$$$$0000000F  mc_w.l(entry11a.o)
    0x08000120   0x08000120   0x00000004   Code   RO         1405    .ARM.Collect$$$$00002712  mc_w.l(entry2.o)
    0x08000124   0x08000124   0x00000024   Code   RO         1361    .text               startup_gd32f1x0.o
    0x08000148   0x08000148   0x00000024   Code   RO         1370    .text               mc_w.l(memcpya.o)
    0x0800016c   0x0800016c   0x00000024   Code   RO         1372    .text               mc_w.l(memseta.o)
    0x08000190   0x08000190   0x0000002c   Code   RO         1428    .text               mc_w.l(uidiv.o)
    0x080001bc   0x080001bc   0x00000062   Code   RO         1430    .text               mc_w.l(uldiv.o)
    0x0800021e   0x0800021e   0x00000000   Code   RO         1432    .text               mc_w.l(iusefp.o)
    0x0800021e   0x0800021e   0x0000014e   Code   RO         1433    .text               mf_w.l(dadd.o)
    0x0800036c   0x0800036c   0x000000e4   Code   RO         1435    .text               mf_w.l(dmul.o)
    0x08000450   0x08000450   0x000000de   Code   RO         1437    .text               mf_w.l(ddiv.o)
    0x0800052e   0x0800052e   0x00000030   Code   RO         1439    .text               mf_w.l(dfixul.o)
    0x0800055e   0x0800055e   0x00000002   PAD
    0x08000560   0x08000560   0x00000030   Code   RO         1441    .text               mf_w.l(cdrcmple.o)
    0x08000590   0x08000590   0x00000030   Code   RO         1443    .text               mc_w.l(init.o)
    0x080005c0   0x080005c0   0x0000001e   Code   RO         1445    .text               mc_w.l(llshl.o)
    0x080005de   0x080005de   0x00000020   Code   RO         1447    .text               mc_w.l(llushr.o)
    0x080005fe   0x080005fe   0x00000024   Code   RO         1449    .text               mc_w.l(llsshr.o)
    0x08000622   0x08000622   0x000000ba   Code   RO         1451    .text               mf_w.l(depilogue.o)
    0x080006dc   0x080006dc   0x00000004   Code   RO            8    .text.BusFault_Handler  gd32f1x0_it.o
    0x080006e0   0x080006e0   0x0000002e   Code   RO           20    .text.DMA_Channel1_2_IRQHandler  gd32f1x0_it.o
    0x0800070e   0x0800070e   0x00000002   PAD
    0x08000710   0x08000710   0x00000004   Code   RO           14    .text.DebugMon_Handler  gd32f1x0_it.o
    0x08000714   0x08000714   0x00000076   Code   RO           78    .text.HAL_DMA_Init  ws2812_driver.o
    0x0800078a   0x0800078a   0x00000002   PAD
    0x0800078c   0x0800078c   0x00000042   Code   RO           74    .text.HAL_GPIO_Init  ws2812_driver.o
    0x080007ce   0x080007ce   0x00000002   PAD
    0x080007d0   0x080007d0   0x000000b2   Code   RO           76    .text.HAL_TIMER_Init  ws2812_driver.o
    0x08000882   0x08000882   0x00000002   PAD
    0x08000884   0x08000884   0x00000004   Code   RO            4    .text.HardFault_Handler  gd32f1x0_it.o
    0x08000888   0x08000888   0x00000004   Code   RO            6    .text.MemManage_Handler  gd32f1x0_it.o
    0x0800088c   0x0800088c   0x00000004   Code   RO            2    .text.NMI_Handler   gd32f1x0_it.o
    0x08000890   0x08000890   0x00000044   Code   RO           42    .text.NVIC_SetPriority  systick.o
    0x080008d4   0x080008d4   0x00000004   Code   RO           16    .text.PendSV_Handler  gd32f1x0_it.o
    0x080008d8   0x080008d8   0x00000004   Code   RO           12    .text.SVC_Handler   gd32f1x0_it.o
    0x080008dc   0x080008dc   0x00000052   Code   RO           40    .text.SysTick_Config  systick.o
    0x0800092e   0x0800092e   0x00000002   PAD
    0x08000930   0x08000930   0x00000008   Code   RO           18    .text.SysTick_Handler  gd32f1x0_it.o
    0x08000938   0x08000938   0x00000170   Code   RO         1338    .text.SystemInit    system_gd32f1x0.o
    0x08000aa8   0x08000aa8   0x00000004   Code   RO           10    .text.UsageFault_Handler  gd32f1x0_it.o
    0x08000aac   0x08000aac   0x00000030   Code   RO           72    .text.WS2812_Init   ws2812_driver.o
    0x08000adc   0x08000adc   0x00000118   Code   RO           82    .text.WS2812_LIUSHUI  ws2812_driver.o
    0x08000bf4   0x08000bf4   0x000000d4   Code   RO           80    .text.WS2812_SetColor  ws2812_driver.o
    0x08000cc8   0x08000cc8   0x00000058   Code   RO           84    .text.WS2812_Update  ws2812_driver.o
    0x08000d20   0x08000d20   0x00000028   Code   RO         1340    .text._soft_delay_  system_gd32f1x0.o
    0x08000d48   0x08000d48   0x00000098   Code   RO          103    .text.debug_print_matrix  usart.o
    0x08000de0   0x08000de0   0x00000026   Code   RO           44    .text.delay_1ms     systick.o
    0x08000e06   0x08000e06   0x00000002   PAD
    0x08000e08   0x08000e08   0x00000020   Code   RO           46    .text.delay_decrement  systick.o
    0x08000e28   0x08000e28   0x00000024   Code   RO          367    .text.dma_channel_disable  gd32f1x0_dma.o
    0x08000e4c   0x08000e4c   0x00000024   Code   RO          377    .text.dma_channel_enable  gd32f1x0_dma.o
    0x08000e70   0x08000e70   0x00000024   Code   RO          371    .text.dma_circulation_disable  gd32f1x0_dma.o
    0x08000e94   0x08000e94   0x00000080   Code   RO          361    .text.dma_deinit    gd32f1x0_dma.o
    0x08000f14   0x08000f14   0x00000158   Code   RO          365    .text.dma_init      gd32f1x0_dma.o
    0x0800106c   0x0800106c   0x00000026   Code   RO          407    .text.dma_interrupt_enable  gd32f1x0_dma.o
    0x08001092   0x08001092   0x00000002   PAD
    0x08001094   0x08001094   0x00000024   Code   RO          413    .text.dma_interrupt_flag_clear  gd32f1x0_dma.o
    0x080010b8   0x080010b8   0x000000de   Code   RO          411    .text.dma_interrupt_flag_get  gd32f1x0_dma.o
    0x08001196   0x08001196   0x00000002   PAD
    0x08001198   0x08001198   0x00000024   Code   RO          375    .text.dma_memory_to_memory_disable  gd32f1x0_dma.o
    0x080011bc   0x080011bc   0x00000022   Code   RO          383    .text.dma_transfer_number_config  gd32f1x0_dma.o
    0x080011de   0x080011de   0x00000002   PAD
    0x080011e0   0x080011e0   0x00000036   Code   RO          105    .text.fputc         usart.o
    0x08001216   0x08001216   0x00000002   PAD
    0x08001218   0x08001218   0x000000d4   Code   RO          565    .text.gpio_af_set   gd32f1x0_gpio.o
    0x080012ec   0x080012ec   0x00000026   Code   RO          553    .text.gpio_bit_write  gd32f1x0_gpio.o
    0x08001312   0x08001312   0x00000002   PAD
    0x08001314   0x08001314   0x0000002a   Code   RO          557    .text.gpio_input_bit_get  gd32f1x0_gpio.o
    0x0800133e   0x0800133e   0x00000002   PAD
    0x08001340   0x08001340   0x0000009c   Code   RO          545    .text.gpio_mode_set  gd32f1x0_gpio.o
    0x080013dc   0x080013dc   0x00000092   Code   RO          547    .text.gpio_output_options_set  gd32f1x0_gpio.o
    0x0800146e   0x0800146e   0x00000002   PAD
    0x08001470   0x08001470   0x00000036   Code   RO           57    .text.led_gpio_init  led.o
    0x080014a6   0x080014a6   0x00000002   PAD
    0x080014a8   0x080014a8   0x0000002c   Code   RO           63    .text.led_toggle    led.o
    0x080014d4   0x080014d4   0x00000030   Code   RO           29    .text.main          main.o
    0x08001504   0x08001504   0x000000f2   Code   RO          647    .text.nvic_irq_enable  gd32f1x0_misc.o
    0x080015f6   0x080015f6   0x00000002   PAD
    0x080015f8   0x080015f8   0x0000001c   Code   RO          645    .text.nvic_priority_group_set  gd32f1x0_misc.o
    0x08001614   0x08001614   0x00000028   Code   RO          651    .text.nvic_vector_table_set  gd32f1x0_misc.o
    0x0800163c   0x0800163c   0x000002c0   Code   RO          780    .text.rcu_clock_freq_get  gd32f1x0_rcu.o
    0x080018fc   0x080018fc   0x00000028   Code   RO          700    .text.rcu_periph_clock_enable  gd32f1x0_rcu.o
    0x08001924   0x08001924   0x00000028   Code   RO          710    .text.rcu_periph_reset_disable  gd32f1x0_rcu.o
    0x0800194c   0x0800194c   0x00000028   Code   RO          708    .text.rcu_periph_reset_enable  gd32f1x0_rcu.o
    0x08001974   0x08001974   0x000000f6   Code   RO         1348    .text.system_clock_72m_hxtal  system_gd32f1x0.o
    0x08001a6a   0x08001a6a   0x00000002   PAD
    0x08001a6c   0x08001a6c   0x00000008   Code   RO         1342    .text.system_clock_config  system_gd32f1x0.o
    0x08001a74   0x08001a74   0x00000032   Code   RO           38    .text.systick_config  systick.o
    0x08001aa6   0x08001aa6   0x00000002   PAD
    0x08001aa8   0x08001aa8   0x00000012   Code   RO          964    .text.timer_auto_reload_shadow_enable  gd32f1x0_timer.o
    0x08001aba   0x08001aba   0x00000002   PAD
    0x08001abc   0x08001abc   0x0000003a   Code   RO         1012    .text.timer_channel_dma_request_source_select  gd32f1x0_timer.o
    0x08001af6   0x08001af6   0x00000002   PAD
    0x08001af8   0x08001af8   0x000002ea   Code   RO         1038    .text.timer_channel_output_config  gd32f1x0_timer.o
    0x08001de2   0x08001de2   0x00000002   PAD
    0x08001de4   0x08001de4   0x0000008c   Code   RO         1040    .text.timer_channel_output_mode_config  gd32f1x0_timer.o
    0x08001e70   0x08001e70   0x00000046   Code   RO         1042    .text.timer_channel_output_pulse_value_config  gd32f1x0_timer.o
    0x08001eb6   0x08001eb6   0x00000002   PAD
    0x08001eb8   0x08001eb8   0x0000008c   Code   RO         1044    .text.timer_channel_output_shadow_config  gd32f1x0_timer.o
    0x08001f44   0x08001f44   0x00000084   Code   RO         1054    .text.timer_channel_output_state_config  gd32f1x0_timer.o
    0x08001fc8   0x08001fc8   0x00000118   Code   RO          954    .text.timer_deinit  gd32f1x0_timer.o
    0x080020e0   0x080020e0   0x00000012   Code   RO          962    .text.timer_disable  gd32f1x0_timer.o
    0x080020f2   0x080020f2   0x00000002   PAD
    0x080020f4   0x080020f4   0x00000018   Code   RO         1008    .text.timer_dma_enable  gd32f1x0_timer.o
    0x0800210c   0x0800210c   0x00000012   Code   RO          960    .text.timer_enable  gd32f1x0_timer.o
    0x0800211e   0x0800211e   0x00000002   PAD
    0x08002120   0x08002120   0x0000013e   Code   RO          958    .text.timer_init    gd32f1x0_timer.o
    0x0800225e   0x0800225e   0x00000002   PAD
    0x08002260   0x08002260   0x0000002e   Code   RO         1030    .text.timer_primary_output_config  gd32f1x0_timer.o
    0x0800228e   0x0800228e   0x00000002   PAD
    0x08002290   0x08002290   0x0000009c   Code   RO          101    .text.uart_init     usart.o
    0x0800232c   0x0800232c   0x000000bc   Code   RO         1182    .text.usart_baudrate_set  gd32f1x0_usart.o
    0x080023e8   0x080023e8   0x00000014   Code   RO         1216    .text.usart_data_transmit  gd32f1x0_usart.o
    0x080023fc   0x080023fc   0x00000052   Code   RO         1180    .text.usart_deinit  gd32f1x0_usart.o
    0x0800244e   0x0800244e   0x00000002   PAD
    0x08002450   0x08002450   0x00000012   Code   RO         1190    .text.usart_enable  gd32f1x0_usart.o
    0x08002462   0x08002462   0x00000002   PAD
    0x08002464   0x08002464   0x0000003a   Code   RO         1298    .text.usart_flag_get  gd32f1x0_usart.o
    0x0800249e   0x0800249e   0x00000002   PAD
    0x080024a0   0x080024a0   0x0000001e   Code   RO         1196    .text.usart_receive_config  gd32f1x0_usart.o
    0x080024be   0x080024be   0x00000002   PAD
    0x080024c0   0x080024c0   0x0000001e   Code   RO         1194    .text.usart_transmit_config  gd32f1x0_usart.o
    0x080024de   0x080024de   0x00000002   PAD
    0x080024e0   0x080024e0   0x00000020   Code   RO         1377    i.__0printf         mc_w.l(printfa.o)
    0x08002500   0x08002500   0x0000000e   Code   RO         1455    i.__scatterload_copy  mc_w.l(handlers.o)
    0x0800250e   0x0800250e   0x00000002   Code   RO         1456    i.__scatterload_null  mc_w.l(handlers.o)
    0x08002510   0x08002510   0x0000000e   Code   RO         1457    i.__scatterload_zeroinit  mc_w.l(handlers.o)
    0x0800251e   0x0800251e   0x00000002   PAD
    0x08002520   0x08002520   0x00000184   Code   RO         1384    i._fp_digits        mc_w.l(printfa.o)
    0x080026a4   0x080026a4   0x000006dc   Code   RO         1385    i._printf_core      mc_w.l(printfa.o)
    0x08002d80   0x08002d80   0x00000024   Code   RO         1386    i._printf_post_padding  mc_w.l(printfa.o)
    0x08002da4   0x08002da4   0x0000002e   Code   RO         1387    i._printf_pre_padding  mc_w.l(printfa.o)
    0x08002dd2   0x08002dd2   0x00000015   Data   RO           93    .rodata..L__const.WS2812_LIUSHUI.colors  ws2812_driver.o
    0x08002de7   0x08002de7   0x00000014   Data   RO          107    .rodata.str1.1      usart.o
    0x08002dfb   0x08002dfb   0x00000001   PAD
    0x08002dfc   0x08002dfc   0x00000020   Data   RO         1454    Region$$Table       anon$$obj.o


    Execution Region RW_IRAM1 (Exec base: 0x20000000, Load base: 0x08002e20, Size: 0x00000778, Max: 0x00002000, ABSOLUTE)

    Exec Addr    Load Addr    Size         Type   Attr      Idx    E Section Name        Object

    0x20000000   0x08002e20   0x00000004   Data   RW         1418    .data               mc_w.l(stdout.o)
    0x20000004   0x08002e24   0x00000004   Data   RW         1350    .data.SystemCoreClock  system_gd32f1x0.o
    0x20000008        -       0x00000001   Zero   RW           92    .bss.WS2812_LIUSHUI.color_index  ws2812_driver.o
    0x20000009        -       0x00000001   Zero   RW           91    .bss.WS2812_LIUSHUI.pos  ws2812_driver.o
    0x2000000a   0x08002e28   0x00000002   PAD
    0x2000000c        -       0x00000004   Zero   RW           48    .bss.delay          systick.o
    0x20000010        -       0x00000001   Zero   RW           88    .bss.dma_busy       ws2812_driver.o
    0x20000011   0x08002e28   0x00000003   PAD
    0x20000014        -       0x00000240   Zero   RW           89    .bss.led_buffer     ws2812_driver.o
    0x20000254        -       0x00000120   Zero   RW           90    .bss.reset_frame    ws2812_driver.o
    0x20000374   0x08002e28   0x00000004   PAD
    0x20000378        -       0x00000400   Zero   RW         1358    STACK               startup_gd32f1x0.o


==============================================================================

Image component sizes


      Code (inc. data)   RO Data    RW Data    ZI Data      Debug   Object Name

       946          0          0          0          0       5380   gd32f1x0_dma.o
       594          0          0          0          0       4063   gd32f1x0_gpio.o
        86          0          0          0          0       1483   gd32f1x0_it.o
       310          0          0          0          0       4124   gd32f1x0_misc.o
       824         12          0          0          0      11372   gd32f1x0_rcu.o
      2008         24          0          0          0      16463   gd32f1x0_timer.o
       426          0          0          0          0      12937   gd32f1x0_usart.o
        98          0          0          0          0       1569   led.o
        48          0          0          0          0        392   main.o
        36          8        272          0       1024        868   startup_gd32f1x0.o
       662          0          0          4          0       2275   system_gd32f1x0.o
       270          0          0          0          4       3428   systick.o
       362          0         20          0          0       2722   usart.o
       990          0         21          0        867       5219   ws2812_driver.o

    ----------------------------------------------------------------------
      7720         44        346          4       1904      72295   Object Totals
         0          0         32          0          0          0   (incl. Generated)
        60          0          1          0          9          0   (incl. Padding)

    ----------------------------------------------------------------------

      Code (inc. data)   RO Data    RW Data    ZI Data      Debug   Library Member Name

         0          0          0          0          0          0   entry.o
         0          0          0          0          0          0   entry10a.o
         0          0          0          0          0          0   entry11a.o
         8          4          0          0          0          0   entry2.o
         4          0          0          0          0          0   entry5.o
         0          0          0          0          0          0   entry7b.o
         0          0          0          0          0          0   entry8b.o
         8          4          0          0          0          0   entry9a.o
        30          0          0          0          0          0   handlers.o
        48         10          0          0          0         68   init.o
         0          0          0          0          0          0   iusefp.o
        30          0          0          0          0         68   llshl.o
        36          0          0          0          0         68   llsshr.o
        32          0          0          0          0         68   llushr.o
        36          0          0          0          0         68   memcpya.o
        36          0          0          0          0        108   memseta.o
      2258         90          0          0          0        452   printfa.o
         0          0          0          4          0          0   stdout.o
        44          0          0          0          0         80   uidiv.o
        98          0          0          0          0         92   uldiv.o
        48          0          0          0          0         68   cdrcmple.o
       334          0          0          0          0        148   dadd.o
       222          0          0          0          0        100   ddiv.o
       186          0          0          0          0        176   depilogue.o
        48          0          0          0          0         68   dfixul.o
       228          0          0          0          0         96   dmul.o

    ----------------------------------------------------------------------
      3738        108          0          4          0       1728   Library Totals
         4          0          0          0          0          0   (incl. Padding)

    ----------------------------------------------------------------------

      Code (inc. data)   RO Data    RW Data    ZI Data      Debug   Library Name

      2668        108          0          4          0       1072   mc_w.l
      1066          0          0          0          0        656   mf_w.l

    ----------------------------------------------------------------------
      3738        108          0          4          0       1728   Library Totals

    ----------------------------------------------------------------------

==============================================================================


      Code (inc. data)   RO Data    RW Data    ZI Data      Debug   

     11458        152        346          8       1904      73051   Grand Totals
     11458        152        346          8       1904      73051   ELF Image Totals
     11458        152        346          8          0          0   ROM Totals

==============================================================================

    Total RO  Size (Code + RO Data)                11804 (  11.53kB)
    Total RW  Size (RW Data + ZI Data)              1912 (   1.87kB)
    Total ROM Size (Code + RO Data + RW Data)      11812 (  11.54kB)

==============================================================================

